Godot Engine v4.7.2.stable.official.ed1daf0bf - https://godotengine.org
OpenGL API 4.1 Metal - 90.5 - Compatibility - Using Device: Apple - Apple M2 Pro

M1_PROBE {"active_seconds":187.854192333322,"event":"ready","instances":1,"paused_drift":0,"pauses":0,"resumes":0,"taps":1}
M2_COMBAT {"actors":0,"event":"start","focus":false,"hull":100.0,"instances":1,"paused":false,"phase":0,"seconds":0.0,"shield":65.0,"wave":0}
M2_COMBAT {"actors":0,"event":"wave","focus":false,"hull":100.0,"instances":1,"paused":false,"phase":1,"seconds":0.0166666666666667,"shield":65.0,"wave":1}
M2_COMBAT {"actors":5,"event":"lifecycle","focus":false,"hull":100.0,"instances":1,"paused":false,"phase":1,"seconds":0.3,"shield":65.0,"wave":1}
PASS: legal visible upgrade button advances play
PASS: legal visible upgrade button advances play
PASS: legal visible upgrade button advances play
M2_COMBAT {"actors":0,"event":"wave","focus":false,"hull":100.0,"instances":1,"paused":false,"phase":1,"seconds":46.2999999999987,"shield":65.0,"wave":2}
PASS: legal visible upgrade button advances play
PASS: legal visible upgrade button advances play
M2_COMBAT {"actors":0,"event":"wave","focus":false,"hull":100.0,"instances":1,"paused":false,"phase":1,"seconds":93.199999999996,"shield":75.0,"wave":3}
PASS: legal visible upgrade button advances play
PASS: legal visible upgrade button advances play
M2_COMBAT {"actors":0,"event":"wave","focus":false,"hull":100.0,"instances":1,"paused":false,"phase":1,"seconds":145.483333333341,"shield":75.0,"wave":4}
PASS: legal visible upgrade button advances play
PASS: legal visible upgrade button advances play
M2_COMBAT {"actors":0,"event":"wave","focus":false,"hull":100.0,"instances":1,"paused":false,"phase":1,"seconds":194.616666666714,"shield":65.0,"wave":5}
PASS: legal visible upgrade button advances play
PASS: legal visible upgrade button advances play
M2_COMBAT {"actors":0,"event":"wave","focus":false,"hull":100.0,"instances":1,"paused":false,"phase":1,"seconds":243.150000000086,"shield":65.0,"wave":6}
PASS: legal visible upgrade button advances play
PASS: legal visible upgrade button advances play
M2_COMBAT {"actors":0,"event":"wave","focus":false,"hull":100.0,"instances":1,"paused":false,"phase":1,"seconds":297.600000000058,"shield":65.0,"wave":7}
PASS: legal visible upgrade button advances play
PASS: legal visible upgrade button advances play
M2_COMBAT {"actors":0,"event":"wave","focus":false,"hull":100.0,"instances":1,"paused":false,"phase":1,"seconds":351.900000000009,"shield":65.0,"wave":8}
PASS: legal visible upgrade button advances play
PASS: legal visible upgrade button advances play
M2_COMBAT {"actors":0,"event":"wave","focus":false,"hull":100.0,"instances":1,"paused":false,"phase":1,"seconds":407.049999999958,"shield":65.0,"wave":9}
PASS: legal visible upgrade button advances play
PASS: legal visible upgrade button advances play
PASS: legal visible upgrade button advances play
M2_COMBAT {"actors":0,"event":"wave","focus":false,"hull":100.0,"instances":1,"paused":false,"phase":1,"seconds":468.899999999902,"shield":65.0,"wave":10}
PASS: legal visible upgrade button advances play
PASS: legal visible upgrade button advances play
M2_COMBAT {"actors":0,"event":"results","focus":false,"hull":100.0,"instances":1,"paused":false,"phase":2,"seconds":529.849999999847,"shield":65.0,"wave":10}
PASS: rendered mission reaches a real result
PASS: result returns to splash menu
M1_PROBE {"active_seconds":187.854192333322,"event":"ready","instances":1,"paused_drift":0,"pauses":0,"resumes":0,"taps":1}
M2_COMBAT {"actors":0,"event":"start","focus":false,"hull":100.0,"instances":1,"paused":false,"phase":0,"seconds":0.0,"shield":65.0,"wave":0}
M2_COMBAT {"actors":0,"event":"wave","focus":false,"hull":100.0,"instances":1,"paused":false,"phase":1,"seconds":0.0166666666666667,"shield":65.0,"wave":1}
PASS: legal visible upgrade button advances play
PASS: legal visible upgrade button advances play
PASS: legal visible upgrade button advances play
M2_COMBAT {"actors":0,"event":"wave","focus":false,"hull":100.0,"instances":1,"paused":false,"phase":1,"seconds":46.2499999999987,"shield":65.0,"wave":2}
PASS: legal visible upgrade button advances play
PASS: legal visible upgrade button advances play
M2_COMBAT {"actors":0,"event":"wave","focus":false,"hull":100.0,"instances":1,"paused":false,"phase":1,"seconds":93.1333333333293,"shield":65.0,"wave":3}
PASS: legal visible upgrade button advances play
PASS: legal visible upgrade button advances play
M2_COMBAT {"actors":0,"event":"wave","focus":false,"hull":100.0,"instances":1,"paused":false,"phase":1,"seconds":144.883333333341,"shield":65.0,"wave":4}
PASS: legal visible upgrade button advances play
PASS: legal visible upgrade button advances play
M2_COMBAT {"actors":0,"event":"wave","focus":false,"hull":100.0,"instances":1,"paused":false,"phase":1,"seconds":194.016666666713,"shield":55.0,"wave":5}
PASS: legal visible upgrade button advances play
PASS: legal visible upgrade button advances play
M2_COMBAT {"actors":0,"event":"wave","focus":false,"hull":100.0,"instances":1,"paused":false,"phase":1,"seconds":242.766666666752,"shield":55.0,"wave":6}
PASS: legal visible upgrade button advances play
PASS: legal visible upgrade button advances play
M2_COMBAT {"actors":0,"event":"wave","focus":false,"hull":100.0,"instances":1,"paused":false,"phase":1,"seconds":297.716666666725,"shield":55.0,"wave":7}
PASS: legal visible upgrade button advances play
PASS: legal visible upgrade button advances play
M2_COMBAT {"actors":0,"event":"wave","focus":false,"hull":100.0,"instances":1,"paused":false,"phase":1,"seconds":352.566666666675,"shield":55.0,"wave":8}
PASS: legal visible upgrade button advances play
PASS: legal visible upgrade button advances play
M2_COMBAT {"actors":0,"event":"wave","focus":false,"hull":100.0,"instances":1,"paused":false,"phase":1,"seconds":410.049999999956,"shield":55.0,"wave":9}
PASS: legal visible upgrade button advances play
PASS: legal visible upgrade button advances play
M2_COMBAT {"actors":0,"event":"wave","focus":false,"hull":63.2999999999998,"instances":1,"paused":false,"phase":1,"seconds":474.316666666564,"shield":8.00000000000002,"wave":10}
PASS: legal visible upgrade button advances play
PASS: legal visible upgrade button advances play
M2_COMBAT {"actors":0,"event":"results","focus":false,"hull":63.2999999999998,"instances":1,"paused":false,"phase":2,"seconds":538.066666666506,"shield":45.4,"wave":10}
PASS: rendered mission reaches a real result
PASS: result returns to splash menu
RESULT: 47 rendered playthrough checks; 0 failures; [{"breaches":0,"drafts":22,"hull":100.0,"seconds":529.849999999847,"seed":1790400834,"support":"static_net","victory":true,"wave":10},{"breaches":28,"drafts":21,"hull":63.2999999999998,"seconds":538.066666666506,"seed":1751749926,"support":"bass_driver","victory":true,"wave":10}]
