Godot Engine v4.7.2.stable.official.ed1daf0bf - https://godotengine.org
OpenGL API 4.1 Metal - 90.5 - Compatibility - Using Device: Apple - Apple M2 Pro

M1_PROBE {"active_seconds":187.854192333322,"event":"ready","instances":1,"paused_drift":0,"pauses":0,"resumes":0,"taps":1}
M2_COMBAT {"actors":0,"event":"start","focus":false,"hull":100.0,"instances":1,"paused":false,"phase":0,"seconds":0.0,"shield":65.0,"wave":0}
M2_COMBAT {"actors":0,"event":"wave","focus":false,"hull":100.0,"instances":1,"paused":false,"phase":1,"seconds":0.0166666666666667,"shield":65.0,"wave":1}
M2_COMBAT {"actors":5,"event":"tick","focus":false,"hull":100.0,"instances":1,"paused":false,"phase":1,"seconds":0.1,"shield":65.0,"wave":1}
PASS: fresh run plays opening caption
PASS: broadcast leaves production wave checkpoint valid
M1_PROBE {"active_seconds":187.854192333322,"event":"ready","instances":1,"paused_drift":0,"pauses":0,"resumes":0,"taps":1}
M2_COMBAT {"actors":0,"event":"start","focus":false,"hull":100.0,"instances":1,"paused":false,"phase":1,"seconds":0.0166666666666667,"shield":65.0,"wave":1}
M2_COMBAT {"actors":0,"event":"lifecycle","focus":false,"hull":100.0,"instances":1,"paused":true,"phase":1,"seconds":0.0166666666666667,"shield":65.0,"wave":1}
M2_COMBAT {"actors":0,"event":"tick","focus":false,"hull":100.0,"instances":1,"paused":true,"phase":1,"seconds":0.0166666666666667,"shield":65.0,"wave":1}
PASS: actual Continue restores saved mission
PASS: Continue does not replay the opening during six resumed combat seconds
M2_COMBAT {"actors":0,"event":"manual_pause","focus":false,"hull":100.0,"instances":1,"paused":true,"phase":1,"seconds":0.0166666666666667,"shield":65.0,"wave":1}
M2_COMBAT {"actors":0,"event":"lifecycle","focus":false,"hull":100.0,"instances":1,"paused":true,"phase":1,"seconds":0.0166666666666667,"shield":65.0,"wave":1}
M2_COMBAT {"actors":0,"event":"restart","focus":false,"hull":100.0,"instances":1,"paused":false,"phase":0,"seconds":0.0,"shield":65.0,"wave":0}
M2_COMBAT {"actors":0,"event":"tick","focus":false,"hull":100.0,"instances":1,"paused":false,"phase":0,"seconds":0.0,"shield":65.0,"wave":0}
M2_COMBAT {"actors":0,"event":"wave","focus":false,"hull":100.0,"instances":1,"paused":false,"phase":1,"seconds":0.0166666666666667,"shield":65.0,"wave":1}
PASS: actual Restart allows the new run its opening broadcast
RESULT: 5 actual save/Continue/Restart checks; 0 failures
