Godot Engine v4.7.2.stable.official.ed1daf0bf - https://godotengine.org

PASS: valid comparison campaign
PASS: legal mix
PASS: legal mix
PASS: preview does not change choices, RNG or saves
PASS: offered upgrade accepted
PASS: preview matches actual accepted build
PASS: preview matches actual accepted build
PASS: preview does not change choices, RNG or saves
PASS: offered upgrade accepted
PASS: preview matches actual accepted build
PASS: preview matches actual accepted build
PASS: preview does not change choices, RNG or saves
PASS: offered upgrade accepted
PASS: preview matches actual accepted build
PASS: preview matches actual accepted build
PASS: preview does not change choices, RNG or saves
PASS: offered upgrade accepted
PASS: preview matches actual accepted build
PASS: preview matches actual accepted build
PASS: preview does not change choices, RNG or saves
PASS: offered upgrade accepted
PASS: preview matches actual accepted build
PASS: preview matches actual accepted build
PASS: preview does not change choices, RNG or saves
PASS: offered upgrade accepted
PASS: preview matches actual accepted build
PASS: preview matches actual accepted build
PASS: preview does not change choices, RNG or saves
PASS: offered upgrade accepted
PASS: preview matches actual accepted build
PASS: preview matches actual accepted build
PASS: preview matches actual accepted build
PASS: preview does not change choices, RNG or saves
PASS: offered upgrade accepted
PASS: preview matches actual accepted build
PASS: preview matches actual accepted build
PASS: preview does not change choices, RNG or saves
PASS: offered upgrade accepted
PASS: preview matches actual accepted build
PASS: preview matches actual accepted build
PASS: preview does not change choices, RNG or saves
PASS: offered upgrade accepted
PASS: preview matches actual accepted build
PASS: preview matches actual accepted build
PASS: preview matches actual accepted build
PASS: preview does not change choices, RNG or saves
PASS: offered upgrade accepted
PASS: preview matches actual accepted build
PASS: preview matches actual accepted build
PASS: preview does not change choices, RNG or saves
PASS: offered upgrade accepted
PASS: preview matches actual accepted build
PASS: preview matches actual accepted build
PASS: preview matches actual accepted build
PASS: preview does not change choices, RNG or saves
PASS: offered upgrade accepted
PASS: preview matches actual accepted build
PASS: preview matches actual accepted build
PASS: preview does not change choices, RNG or saves
PASS: offered upgrade accepted
PASS: preview matches actual accepted build
PASS: preview matches actual accepted build
PASS: preview matches actual accepted build
PASS: preview does not change choices, RNG or saves
PASS: offered upgrade accepted
PASS: preview matches actual accepted build
PASS: preview matches actual accepted build
PASS: preview does not change choices, RNG or saves
PASS: offered upgrade accepted
PASS: preview matches actual accepted build
PASS: preview matches actual accepted build
PASS: preview does not change choices, RNG or saves
PASS: offered upgrade accepted
PASS: preview matches actual accepted build
PASS: preview matches actual accepted build
PASS: preview matches actual accepted build
PASS: preview does not change choices, RNG or saves
PASS: offered upgrade accepted
PASS: preview matches actual accepted build
PASS: preview matches actual accepted build
PASS: preview matches actual accepted build
PASS: preview does not change choices, RNG or saves
PASS: offered upgrade accepted
PASS: preview matches actual accepted build
PASS: preview matches actual accepted build
PASS: preview does not change choices, RNG or saves
PASS: offered upgrade accepted
PASS: preview matches actual accepted build
PASS: preview does not change choices, RNG or saves
PASS: offered upgrade accepted
PASS: preview matches actual accepted build
PASS: comparison finished
bass m1 d0 seed11 connected=false win=true hull=100.0
PASS: valid comparison campaign
PASS: legal mix
PASS: legal mix
PASS: preview does not change choices, RNG or saves
PASS: offered upgrade accepted
PASS: preview matches actual accepted build
PASS: preview matches actual accepted build
PASS: legal connection
PASS: preview does not change choices, RNG or saves
PASS: offered upgrade accepted
PASS: preview matches actual accepted build
PASS: preview matches actual accepted build
PASS: legal connection
PASS: preview does not change choices, RNG or saves
PASS: offered upgrade accepted
PASS: preview matches actual accepted build
PASS: preview matches actual accepted build
PASS: preview does not change choices, RNG or saves
PASS: offered upgrade accepted
PASS: preview matches actual accepted build
PASS: preview matches actual accepted build
PASS: preview does not change choices, RNG or saves
PASS: offered upgrade accepted
PASS: preview matches actual accepted build
PASS: preview matches actual accepted build
PASS: preview does not change choices, RNG or saves
PASS: offered upgrade accepted
PASS: preview matches actual accepted build
PASS: preview matches actual accepted build
PASS: preview does not change choices, RNG or saves
PASS: offered upgrade accepted
PASS: preview matches actual accepted build
PASS: preview matches actual accepted build
PASS: preview matches actual accepted build
PASS: preview does not change choices, RNG or saves
PASS: offered upgrade accepted
PASS: preview matches actual accepted build
PASS: preview matches actual accepted build
PASS: preview does not change choices, RNG or saves
PASS: offered upgrade accepted
PASS: preview matches actual accepted build
PASS: preview matches actual accepted build
PASS: preview does not change choices, RNG or saves
PASS: offered upgrade accepted
PASS: preview matches actual accepted build
PASS: preview matches actual accepted build
PASS: preview matches actual accepted build
PASS: preview does not change choices, RNG or saves
PASS: offered upgrade accepted
PASS: preview matches actual accepted build
PASS: preview matches actual accepted build
PASS: preview does not change choices, RNG or saves
PASS: offered upgrade accepted
PASS: preview matches actual accepted build
PASS: preview matches actual accepted build
PASS: preview matches actual accepted build
PASS: preview does not change choices, RNG or saves
PASS: offered upgrade accepted
PASS: preview matches actual accepted build
PASS: preview matches actual accepted build
PASS: preview does not change choices, RNG or saves
PASS: offered upgrade accepted
PASS: preview matches actual accepted build
PASS: preview matches actual accepted build
PASS: preview matches actual accepted build
PASS: preview does not change choices, RNG or saves
PASS: offered upgrade accepted
PASS: preview matches actual accepted build
PASS: preview matches actual accepted build
PASS: preview does not change choices, RNG or saves
PASS: offered upgrade accepted
PASS: preview matches actual accepted build
PASS: preview matches actual accepted build
PASS: preview does not change choices, RNG or saves
PASS: offered upgrade accepted
PASS: preview matches actual accepted build
PASS: preview matches actual accepted build
PASS: preview matches actual accepted build
PASS: preview does not change choices, RNG or saves
PASS: offered upgrade accepted
PASS: preview matches actual accepted build
PASS: preview matches actual accepted build
PASS: preview matches actual accepted build
PASS: preview does not change choices, RNG or saves
PASS: offered upgrade accepted
PASS: preview matches actual accepted build
PASS: preview matches actual accepted build
PASS: preview does not change choices, RNG or saves
PASS: offered upgrade accepted
PASS: preview matches actual accepted build
PASS: preview does not change choices, RNG or saves
PASS: offered upgrade accepted
PASS: preview matches actual accepted build
PASS: comparison finished
bass m1 d0 seed11 connected=true win=true hull=100.0
PASS: valid comparison campaign
PASS: legal mix
PASS: legal mix
PASS: preview does not change choices, RNG or saves
PASS: offered upgrade accepted
PASS: preview matches actual accepted build
PASS: preview matches actual accepted build
PASS: preview matches actual accepted build
PASS: preview does not change choices, RNG or saves
PASS: offered upgrade accepted
PASS: preview matches actual accepted build
PASS: preview matches actual accepted build
PASS: preview matches actual accepted build
PASS: preview does not change choices, RNG or saves
PASS: offered upgrade accepted
PASS: preview matches actual accepted build
PASS: preview matches actual accepted build
PASS: preview does not change choices, RNG or saves
PASS: offered upgrade accepted
PASS: preview matches actual accepted build
PASS: preview matches actual accepted build
PASS: preview does not change choices, RNG or saves
PASS: offered upgrade accepted
PASS: preview matches actual accepted build
PASS: preview matches actual accepted build
PASS: preview does not change choices, RNG or saves
PASS: offered upgrade accepted
PASS: preview matches actual accepted build
PASS: preview matches actual accepted build
PASS: preview does not change choices, RNG or saves
PASS: offered upgrade accepted
PASS: preview matches actual accepted build
PASS: preview matches actual accepted build
PASS: preview does not change choices, RNG or saves
PASS: offered upgrade accepted
PASS: preview matches actual accepted build
PASS: preview does not change choices, RNG or saves
PASS: offered upgrade accepted
PASS: preview matches actual accepted build
PASS: preview does not change choices, RNG or saves
PASS: offered upgrade accepted
PASS: preview matches actual accepted build
PASS: preview matches actual accepted build
PASS: preview does not change choices, RNG or saves
PASS: offered upgrade accepted
PASS: preview matches actual accepted build
PASS: preview matches actual accepted build
PASS: preview does not change choices, RNG or saves
PASS: offered upgrade accepted
PASS: preview matches actual accepted build
PASS: preview matches actual accepted build
PASS: preview does not change choices, RNG or saves
PASS: offered upgrade accepted
PASS: preview matches actual accepted build
PASS: preview matches actual accepted build
PASS: preview does not change choices, RNG or saves
PASS: offered upgrade accepted
PASS: preview matches actual accepted build
PASS: preview matches actual accepted build
PASS: preview matches actual accepted build
PASS: preview does not change choices, RNG or saves
PASS: offered upgrade accepted
PASS: preview matches actual accepted build
PASS: preview matches actual accepted build
PASS: preview matches actual accepted build
PASS: preview does not change choices, RNG or saves
PASS: offered upgrade accepted
PASS: preview matches actual accepted build
PASS: preview does not change choices, RNG or saves
PASS: offered upgrade accepted
PASS: preview matches actual accepted build
PASS: preview matches actual accepted build
PASS: preview does not change choices, RNG or saves
PASS: offered upgrade accepted
PASS: preview matches actual accepted build
PASS: preview matches actual accepted build
PASS: preview does not change choices, RNG or saves
PASS: offered upgrade accepted
PASS: preview matches actual accepted build
PASS: preview matches actual accepted build
PASS: preview does not change choices, RNG or saves
PASS: offered upgrade accepted
PASS: preview matches actual accepted build
PASS: preview matches actual accepted build
PASS: preview does not change choices, RNG or saves
PASS: offered upgrade accepted
PASS: preview matches actual accepted build
PASS: preview matches actual accepted build
PASS: comparison finished
bass m1 d0 seed42 connected=false win=true hull=100.0
PASS: valid comparison campaign
PASS: legal mix
PASS: legal mix
PASS: preview does not change choices, RNG or saves
PASS: offered upgrade accepted
PASS: preview matches actual accepted build
PASS: preview matches actual accepted build
PASS: preview matches actual accepted build
PASS: preview does not change choices, RNG or saves
PASS: offered upgrade accepted
PASS: preview matches actual accepted build
PASS: preview matches actual accepted build
PASS: preview matches actual accepted build
PASS: preview does not change choices, RNG or saves
PASS: offered upgrade accepted
PASS: preview matches actual accepted build
PASS: preview matches actual accepted build
PASS: legal connection
PASS: preview does not change choices, RNG or saves
PASS: offered upgrade accepted
PASS: preview matches actual accepted build
PASS: preview matches actual accepted build
PASS: legal connection
PASS: preview does not change choices, RNG or saves
PASS: offered upgrade accepted
PASS: preview matches actual accepted build
PASS: preview matches actual accepted build
PASS: preview does not change choices, RNG or saves
PASS: offered upgrade accepted
PASS: preview matches actual accepted build
PASS: preview matches actual accepted build
PASS: preview does not change choices, RNG or saves
PASS: offered upgrade accepted
PASS: preview matches actual accepted build
PASS: preview matches actual accepted build
PASS: preview does not change choices, RNG or saves
PASS: offered upgrade accepted
PASS: preview matches actual accepted build
PASS: preview does not change choices, RNG or saves
PASS: offered upgrade accepted
PASS: preview matches actual accepted build
PASS: preview does not change choices, RNG or saves
PASS: offered upgrade accepted
PASS: preview matches actual accepted build
PASS: preview matches actual accepted build
PASS: preview does not change choices, RNG or saves
PASS: offered upgrade accepted
PASS: preview matches actual accepted build
PASS: preview matches actual accepted build
PASS: preview does not change choices, RNG or saves
PASS: offered upgrade accepted
PASS: preview matches actual accepted build
PASS: preview matches actual accepted build
PASS: preview does not change choices, RNG or saves
PASS: offered upgrade accepted
PASS: preview matches actual accepted build
PASS: preview matches actual accepted build
PASS: preview does not change choices, RNG or saves
PASS: offered upgrade accepted
PASS: preview matches actual accepted build
PASS: preview matches actual accepted build
PASS: preview matches actual accepted build
PASS: preview does not change choices, RNG or saves
PASS: offered upgrade accepted
PASS: preview matches actual accepted build
PASS: preview matches actual accepted build
PASS: preview matches actual accepted build
PASS: preview does not change choices, RNG or saves
PASS: offered upgrade accepted
PASS: preview matches actual accepted build
PASS: preview does not change choices, RNG or saves
PASS: offered upgrade accepted
PASS: preview matches actual accepted build
PASS: preview matches actual accepted build
PASS: preview does not change choices, RNG or saves
PASS: offered upgrade accepted
PASS: preview matches actual accepted build
PASS: preview matches actual accepted build
PASS: preview does not change choices, RNG or saves
PASS: offered upgrade accepted
PASS: preview matches actual accepted build
PASS: preview matches actual accepted build
PASS: preview does not change choices, RNG or saves
PASS: offered upgrade accepted
PASS: preview matches actual accepted build
PASS: preview matches actual accepted build
PASS: preview does not change choices, RNG or saves
PASS: offered upgrade accepted
PASS: preview matches actual accepted build
PASS: preview matches actual accepted build
PASS: comparison finished
bass m1 d0 seed42 connected=true win=true hull=100.0
PASS: valid comparison campaign
PASS: legal mix
PASS: legal mix
PASS: preview does not change choices, RNG or saves
PASS: offered upgrade accepted
PASS: preview matches actual accepted build
PASS: preview matches actual accepted build
PASS: preview does not change choices, RNG or saves
PASS: offered upgrade accepted
PASS: preview matches actual accepted build
PASS: preview matches actual accepted build
PASS: preview does not change choices, RNG or saves
PASS: offered upgrade accepted
PASS: preview matches actual accepted build
PASS: preview matches actual accepted build
PASS: preview does not change choices, RNG or saves
PASS: offered upgrade accepted
PASS: preview matches actual accepted build
PASS: preview matches actual accepted build
PASS: preview does not change choices, RNG or saves
PASS: offered upgrade accepted
PASS: preview matches actual accepted build
PASS: preview matches actual accepted build
PASS: preview does not change choices, RNG or saves
PASS: offered upgrade accepted
PASS: preview matches actual accepted build
PASS: preview matches actual accepted build
PASS: comparison finished
bass m4 d0 seed11 connected=false win=false hull=0.0
PASS: valid comparison campaign
PASS: legal mix
PASS: legal mix
PASS: preview does not change choices, RNG or saves
PASS: offered upgrade accepted
PASS: preview matches actual accepted build
PASS: preview matches actual accepted build
PASS: legal connection
PASS: preview does not change choices, RNG or saves
PASS: offered upgrade accepted
PASS: preview matches actual accepted build
PASS: preview matches actual accepted build
PASS: legal connection
PASS: preview does not change choices, RNG or saves
PASS: offered upgrade accepted
PASS: preview matches actual accepted build
PASS: preview matches actual accepted build
PASS: preview does not change choices, RNG or saves
PASS: offered upgrade accepted
PASS: preview matches actual accepted build
PASS: preview matches actual accepted build
PASS: preview does not change choices, RNG or saves
PASS: offered upgrade accepted
PASS: preview matches actual accepted build
PASS: preview matches actual accepted build
PASS: preview does not change choices, RNG or saves
PASS: offered upgrade accepted
PASS: preview matches actual accepted build
PASS: preview matches actual accepted build
PASS: comparison finished
bass m4 d0 seed11 connected=true win=false hull=0.0
PASS: valid comparison campaign
PASS: legal mix
PASS: legal mix
PASS: preview does not change choices, RNG or saves
PASS: offered upgrade accepted
PASS: preview matches actual accepted build
PASS: preview matches actual accepted build
PASS: preview matches actual accepted build
PASS: preview does not change choices, RNG or saves
PASS: offered upgrade accepted
PASS: preview matches actual accepted build
PASS: preview matches actual accepted build
PASS: preview matches actual accepted build
PASS: preview does not change choices, RNG or saves
PASS: offered upgrade accepted
PASS: preview matches actual accepted build
PASS: preview matches actual accepted build
PASS: preview does not change choices, RNG or saves
PASS: offered upgrade accepted
PASS: preview matches actual accepted build
PASS: preview matches actual accepted build
PASS: preview does not change choices, RNG or saves
PASS: offered upgrade accepted
PASS: preview matches actual accepted build
PASS: preview matches actual accepted build
PASS: preview does not change choices, RNG or saves
PASS: offered upgrade accepted
PASS: preview matches actual accepted build
PASS: preview matches actual accepted build
PASS: preview does not change choices, RNG or saves
PASS: offered upgrade accepted
PASS: preview matches actual accepted build
PASS: preview matches actual accepted build
PASS: comparison finished
bass m4 d0 seed42 connected=false win=false hull=0.0
PASS: valid comparison campaign
PASS: legal mix
PASS: legal mix
PASS: preview does not change choices, RNG or saves
PASS: offered upgrade accepted
PASS: preview matches actual accepted build
PASS: preview matches actual accepted build
PASS: preview matches actual accepted build
PASS: preview does not change choices, RNG or saves
PASS: offered upgrade accepted
PASS: preview matches actual accepted build
PASS: preview matches actual accepted build
PASS: preview matches actual accepted build
PASS: preview does not change choices, RNG or saves
PASS: offered upgrade accepted
PASS: preview matches actual accepted build
PASS: preview matches actual accepted build
PASS: legal connection
PASS: preview does not change choices, RNG or saves
PASS: offered upgrade accepted
PASS: preview matches actual accepted build
PASS: preview matches actual accepted build
PASS: legal connection
PASS: preview does not change choices, RNG or saves
PASS: offered upgrade accepted
PASS: preview matches actual accepted build
PASS: preview matches actual accepted build
PASS: preview does not change choices, RNG or saves
PASS: offered upgrade accepted
PASS: preview matches actual accepted build
PASS: preview matches actual accepted build
PASS: preview does not change choices, RNG or saves
PASS: offered upgrade accepted
PASS: preview matches actual accepted build
PASS: preview matches actual accepted build
PASS: preview does not change choices, RNG or saves
PASS: offered upgrade accepted
PASS: preview matches actual accepted build
PASS: comparison finished
bass m4 d0 seed42 connected=true win=false hull=0.0
PASS: valid comparison campaign
PASS: legal mix
PASS: legal mix
PASS: preview does not change choices, RNG or saves
PASS: offered upgrade accepted
PASS: preview matches actual accepted build
PASS: preview matches actual accepted build
PASS: preview does not change choices, RNG or saves
PASS: offered upgrade accepted
PASS: preview matches actual accepted build
PASS: preview matches actual accepted build
PASS: preview does not change choices, RNG or saves
PASS: offered upgrade accepted
PASS: preview matches actual accepted build
PASS: preview matches actual accepted build
PASS: preview does not change choices, RNG or saves
PASS: offered upgrade accepted
PASS: preview matches actual accepted build
PASS: preview matches actual accepted build
PASS: comparison finished
bass m8 d1 seed11 connected=false win=false hull=0.0
PASS: valid comparison campaign
PASS: legal mix
PASS: legal mix
PASS: preview does not change choices, RNG or saves
PASS: offered upgrade accepted
PASS: preview matches actual accepted build
PASS: preview matches actual accepted build
PASS: legal connection
PASS: preview does not change choices, RNG or saves
PASS: offered upgrade accepted
PASS: preview matches actual accepted build
PASS: preview matches actual accepted build
PASS: legal connection
PASS: preview does not change choices, RNG or saves
PASS: offered upgrade accepted
PASS: preview matches actual accepted build
PASS: preview matches actual accepted build
PASS: preview does not change choices, RNG or saves
PASS: offered upgrade accepted
PASS: preview matches actual accepted build
PASS: preview matches actual accepted build
PASS: comparison finished
bass m8 d1 seed11 connected=true win=false hull=0.0
PASS: valid comparison campaign
PASS: legal mix
PASS: legal mix
PASS: preview does not change choices, RNG or saves
PASS: offered upgrade accepted
PASS: preview matches actual accepted build
PASS: preview matches actual accepted build
PASS: preview matches actual accepted build
PASS: preview does not change choices, RNG or saves
PASS: offered upgrade accepted
PASS: preview matches actual accepted build
PASS: preview matches actual accepted build
PASS: preview matches actual accepted build
PASS: preview does not change choices, RNG or saves
PASS: offered upgrade accepted
PASS: preview matches actual accepted build
PASS: preview matches actual accepted build
PASS: preview does not change choices, RNG or saves
PASS: offered upgrade accepted
PASS: preview matches actual accepted build
PASS: preview matches actual accepted build
PASS: comparison finished
bass m8 d1 seed42 connected=false win=false hull=0.0
PASS: valid comparison campaign
PASS: legal mix
PASS: legal mix
PASS: preview does not change choices, RNG or saves
PASS: offered upgrade accepted
PASS: preview matches actual accepted build
PASS: preview matches actual accepted build
PASS: preview matches actual accepted build
PASS: preview does not change choices, RNG or saves
PASS: offered upgrade accepted
PASS: preview matches actual accepted build
PASS: preview matches actual accepted build
PASS: preview matches actual accepted build
PASS: preview does not change choices, RNG or saves
PASS: offered upgrade accepted
PASS: preview matches actual accepted build
PASS: preview matches actual accepted build
PASS: legal connection
PASS: preview does not change choices, RNG or saves
PASS: offered upgrade accepted
PASS: preview matches actual accepted build
PASS: preview matches actual accepted build
PASS: legal connection
PASS: comparison finished
bass m8 d1 seed42 connected=true win=false hull=0.0
PASS: valid comparison campaign
PASS: legal mix
PASS: legal mix
PASS: preview does not change choices, RNG or saves
PASS: offered upgrade accepted
PASS: preview matches actual accepted build
PASS: preview matches actual accepted build
PASS: preview does not change choices, RNG or saves
PASS: offered upgrade accepted
PASS: preview matches actual accepted build
PASS: preview matches actual accepted build
PASS: preview does not change choices, RNG or saves
PASS: offered upgrade accepted
PASS: preview matches actual accepted build
PASS: preview matches actual accepted build
PASS: preview does not change choices, RNG or saves
PASS: offered upgrade accepted
PASS: preview matches actual accepted build
PASS: preview matches actual accepted build
PASS: comparison finished
bass m12 d2 seed11 connected=false win=false hull=0.0
PASS: valid comparison campaign
PASS: legal mix
PASS: legal mix
PASS: preview does not change choices, RNG or saves
PASS: offered upgrade accepted
PASS: preview matches actual accepted build
PASS: preview matches actual accepted build
PASS: legal connection
PASS: preview does not change choices, RNG or saves
PASS: offered upgrade accepted
PASS: preview matches actual accepted build
PASS: preview matches actual accepted build
PASS: legal connection
PASS: preview does not change choices, RNG or saves
PASS: offered upgrade accepted
PASS: preview matches actual accepted build
PASS: preview matches actual accepted build
PASS: preview does not change choices, RNG or saves
PASS: offered upgrade accepted
PASS: preview matches actual accepted build
PASS: preview matches actual accepted build
PASS: comparison finished
bass m12 d2 seed11 connected=true win=false hull=0.0
PASS: valid comparison campaign
PASS: legal mix
PASS: legal mix
PASS: preview does not change choices, RNG or saves
PASS: offered upgrade accepted
PASS: preview matches actual accepted build
PASS: preview matches actual accepted build
PASS: preview matches actual accepted build
PASS: preview does not change choices, RNG or saves
PASS: offered upgrade accepted
PASS: preview matches actual accepted build
PASS: preview matches actual accepted build
PASS: preview matches actual accepted build
PASS: preview does not change choices, RNG or saves
PASS: offered upgrade accepted
PASS: preview matches actual accepted build
PASS: preview matches actual accepted build
PASS: comparison finished
bass m12 d2 seed42 connected=false win=false hull=0.0
PASS: valid comparison campaign
PASS: legal mix
PASS: legal mix
PASS: preview does not change choices, RNG or saves
PASS: offered upgrade accepted
PASS: preview matches actual accepted build
PASS: preview matches actual accepted build
PASS: preview matches actual accepted build
PASS: preview does not change choices, RNG or saves
PASS: offered upgrade accepted
PASS: preview matches actual accepted build
PASS: preview matches actual accepted build
PASS: preview matches actual accepted build
PASS: preview does not change choices, RNG or saves
PASS: offered upgrade accepted
PASS: preview matches actual accepted build
PASS: preview matches actual accepted build
PASS: legal connection
PASS: preview does not change choices, RNG or saves
PASS: offered upgrade accepted
PASS: preview matches actual accepted build
PASS: preview matches actual accepted build
PASS: legal connection
PASS: comparison finished
bass m12 d2 seed42 connected=true win=false hull=0.0
PASS: valid comparison campaign
PASS: legal mix
PASS: legal mix
PASS: preview does not change choices, RNG or saves
PASS: offered upgrade accepted
PASS: preview matches actual accepted build
PASS: preview matches actual accepted build
PASS: preview does not change choices, RNG or saves
PASS: offered upgrade accepted
PASS: preview matches actual accepted build
PASS: preview matches actual accepted build
PASS: preview does not change choices, RNG or saves
PASS: offered upgrade accepted
PASS: preview matches actual accepted build
PASS: preview matches actual accepted build
PASS: preview does not change choices, RNG or saves
PASS: offered upgrade accepted
PASS: preview matches actual accepted build
PASS: preview matches actual accepted build
PASS: preview matches actual accepted build
PASS: preview does not change choices, RNG or saves
PASS: offered upgrade accepted
PASS: preview matches actual accepted build
PASS: preview matches actual accepted build
PASS: preview does not change choices, RNG or saves
PASS: offered upgrade accepted
PASS: preview matches actual accepted build
PASS: preview matches actual accepted build
PASS: preview matches actual accepted build
PASS: preview does not change choices, RNG or saves
PASS: offered upgrade accepted
PASS: preview matches actual accepted build
PASS: preview matches actual accepted build
PASS: preview matches actual accepted build
PASS: preview does not change choices, RNG or saves
PASS: offered upgrade accepted
PASS: preview matches actual accepted build
PASS: preview matches actual accepted build
PASS: preview matches actual accepted build
PASS: preview does not change choices, RNG or saves
PASS: offered upgrade accepted
PASS: preview matches actual accepted build
PASS: preview matches actual accepted build
PASS: preview matches actual accepted build
PASS: preview does not change choices, RNG or saves
PASS: offered upgrade accepted
PASS: preview matches actual accepted build
PASS: preview matches actual accepted build
PASS: preview matches actual accepted build
PASS: preview does not change choices, RNG or saves
PASS: offered upgrade accepted
PASS: preview matches actual accepted build
PASS: preview matches actual accepted build
PASS: preview matches actual accepted build
PASS: preview does not change choices, RNG or saves
PASS: offered upgrade accepted
PASS: preview matches actual accepted build
PASS: preview matches actual accepted build
PASS: preview matches actual accepted build
PASS: preview does not change choices, RNG or saves
PASS: offered upgrade accepted
PASS: preview matches actual accepted build
PASS: preview matches actual accepted build
PASS: preview matches actual accepted build
PASS: preview does not change choices, RNG or saves
PASS: offered upgrade accepted
PASS: preview matches actual accepted build
PASS: preview matches actual accepted build
PASS: preview matches actual accepted build
PASS: preview does not change choices, RNG or saves
PASS: offered upgrade accepted
PASS: preview matches actual accepted build
PASS: preview matches actual accepted build
PASS: preview matches actual accepted build
PASS: preview does not change choices, RNG or saves
PASS: offered upgrade accepted
PASS: preview matches actual accepted build
PASS: preview matches actual accepted build
PASS: preview does not change choices, RNG or saves
PASS: offered upgrade accepted
PASS: preview matches actual accepted build
PASS: preview matches actual accepted build
PASS: comparison finished
control m1 d0 seed11 connected=false win=false hull=0.0
PASS: valid comparison campaign
PASS: legal mix
PASS: legal mix
PASS: preview does not change choices, RNG or saves
PASS: offered upgrade accepted
PASS: preview matches actual accepted build
PASS: preview matches actual accepted build
PASS: preview does not change choices, RNG or saves
PASS: offered upgrade accepted
PASS: preview matches actual accepted build
PASS: preview matches actual accepted build
PASS: preview does not change choices, RNG or saves
PASS: offered upgrade accepted
PASS: preview matches actual accepted build
PASS: preview matches actual accepted build
PASS: preview does not change choices, RNG or saves
PASS: offered upgrade accepted
PASS: preview matches actual accepted build
PASS: preview matches actual accepted build
PASS: preview matches actual accepted build
PASS: legal connection
PASS: preview does not change choices, RNG or saves
PASS: offered upgrade accepted
PASS: preview matches actual accepted build
PASS: preview matches actual accepted build
PASS: preview does not change choices, RNG or saves
PASS: offered upgrade accepted
PASS: preview matches actual accepted build
PASS: preview matches actual accepted build
PASS: preview matches actual accepted build
PASS: preview does not change choices, RNG or saves
PASS: offered upgrade accepted
PASS: preview matches actual accepted build
PASS: preview matches actual accepted build
PASS: preview matches actual accepted build
PASS: preview does not change choices, RNG or saves
PASS: offered upgrade accepted
PASS: preview matches actual accepted build
PASS: preview matches actual accepted build
PASS: preview matches actual accepted build
PASS: preview does not change choices, RNG or saves
PASS: offered upgrade accepted
PASS: preview matches actual accepted build
PASS: preview matches actual accepted build
PASS: preview matches actual accepted build
PASS: preview does not change choices, RNG or saves
PASS: offered upgrade accepted
PASS: preview matches actual accepted build
PASS: preview matches actual accepted build
PASS: preview matches actual accepted build
PASS: preview does not change choices, RNG or saves
PASS: offered upgrade accepted
PASS: preview matches actual accepted build
PASS: preview matches actual accepted build
PASS: preview matches actual accepted build
PASS: legal connection
PASS: preview does not change choices, RNG or saves
PASS: offered upgrade accepted
PASS: preview matches actual accepted build
PASS: preview matches actual accepted build
PASS: preview matches actual accepted build
PASS: preview does not change choices, RNG or saves
PASS: offered upgrade accepted
PASS: preview matches actual accepted build
PASS: preview matches actual accepted build
PASS: preview matches actual accepted build
PASS: preview does not change choices, RNG or saves
PASS: offered upgrade accepted
PASS: preview matches actual accepted build
PASS: preview matches actual accepted build
PASS: preview matches actual accepted build
PASS: preview does not change choices, RNG or saves
PASS: offered upgrade accepted
PASS: preview matches actual accepted build
PASS: preview matches actual accepted build
PASS: preview matches actual accepted build
PASS: preview does not change choices, RNG or saves
PASS: offered upgrade accepted
PASS: preview matches actual accepted build
PASS: preview matches actual accepted build
PASS: preview does not change choices, RNG or saves
PASS: offered upgrade accepted
PASS: preview matches actual accepted build
PASS: preview matches actual accepted build
PASS: comparison finished
control m1 d0 seed11 connected=true win=false hull=0.0
PASS: valid comparison campaign
PASS: legal mix
PASS: legal mix
PASS: preview does not change choices, RNG or saves
PASS: offered upgrade accepted
PASS: preview matches actual accepted build
PASS: preview matches actual accepted build
PASS: preview does not change choices, RNG or saves
PASS: offered upgrade accepted
PASS: preview matches actual accepted build
PASS: preview matches actual accepted build
PASS: preview does not change choices, RNG or saves
PASS: offered upgrade accepted
PASS: preview matches actual accepted build
PASS: preview matches actual accepted build
PASS: preview does not change choices, RNG or saves
PASS: offered upgrade accepted
PASS: preview matches actual accepted build
PASS: preview does not change choices, RNG or saves
PASS: offered upgrade accepted
PASS: preview matches actual accepted build
PASS: preview does not change choices, RNG or saves
PASS: offered upgrade accepted
PASS: preview matches actual accepted build
PASS: preview matches actual accepted build
PASS: preview does not change choices, RNG or saves
PASS: offered upgrade accepted
PASS: preview matches actual accepted build
PASS: preview matches actual accepted build
PASS: preview does not change choices, RNG or saves
PASS: offered upgrade accepted
PASS: preview matches actual accepted build
PASS: preview matches actual accepted build
PASS: preview matches actual accepted build
PASS: preview does not change choices, RNG or saves
PASS: offered upgrade accepted
PASS: preview matches actual accepted build
PASS: preview matches actual accepted build
PASS: preview does not change choices, RNG or saves
PASS: offered upgrade accepted
PASS: preview matches actual accepted build
PASS: preview matches actual accepted build
PASS: preview matches actual accepted build
PASS: preview does not change choices, RNG or saves
PASS: offered upgrade accepted
PASS: preview matches actual accepted build
PASS: preview matches actual accepted build
PASS: preview matches actual accepted build
PASS: preview does not change choices, RNG or saves
PASS: offered upgrade accepted
PASS: preview matches actual accepted build
PASS: preview does not change choices, RNG or saves
PASS: offered upgrade accepted
PASS: preview matches actual accepted build
PASS: preview matches actual accepted build
PASS: preview matches actual accepted build
PASS: preview does not change choices, RNG or saves
PASS: offered upgrade accepted
PASS: preview matches actual accepted build
PASS: preview matches actual accepted build
PASS: preview matches actual accepted build
PASS: preview does not change choices, RNG or saves
PASS: offered upgrade accepted
PASS: preview matches actual accepted build
PASS: preview matches actual accepted build
PASS: preview matches actual accepted build
PASS: preview does not change choices, RNG or saves
PASS: offered upgrade accepted
PASS: preview matches actual accepted build
PASS: preview matches actual accepted build
PASS: preview matches actual accepted build
PASS: preview does not change choices, RNG or saves
PASS: offered upgrade accepted
PASS: preview matches actual accepted build
PASS: preview matches actual accepted build
PASS: preview matches actual accepted build
PASS: preview does not change choices, RNG or saves
PASS: offered upgrade accepted
PASS: preview matches actual accepted build
PASS: preview matches actual accepted build
PASS: preview matches actual accepted build
PASS: preview does not change choices, RNG or saves
PASS: offered upgrade accepted
PASS: preview matches actual accepted build
PASS: preview matches actual accepted build
PASS: preview matches actual accepted build
PASS: preview does not change choices, RNG or saves
PASS: offered upgrade accepted
PASS: preview matches actual accepted build
PASS: preview matches actual accepted build
PASS: preview matches actual accepted build
PASS: preview does not change choices, RNG or saves
PASS: offered upgrade accepted
PASS: preview matches actual accepted build
PASS: preview matches actual accepted build
PASS: preview matches actual accepted build
PASS: preview does not change choices, RNG or saves
PASS: offered upgrade accepted
PASS: preview matches actual accepted build
PASS: preview matches actual accepted build
PASS: preview matches actual accepted build
PASS: comparison finished
control m1 d0 seed42 connected=false win=true hull=100.0
PASS: valid comparison campaign
PASS: legal mix
PASS: legal mix
PASS: preview does not change choices, RNG or saves
PASS: offered upgrade accepted
PASS: preview matches actual accepted build
PASS: preview matches actual accepted build
PASS: preview does not change choices, RNG or saves
PASS: offered upgrade accepted
PASS: preview matches actual accepted build
PASS: preview matches actual accepted build
PASS: preview does not change choices, RNG or saves
PASS: offered upgrade accepted
PASS: preview matches actual accepted build
PASS: preview matches actual accepted build
PASS: preview does not change choices, RNG or saves
PASS: offered upgrade accepted
PASS: preview matches actual accepted build
PASS: preview does not change choices, RNG or saves
PASS: offered upgrade accepted
PASS: preview matches actual accepted build
PASS: preview does not change choices, RNG or saves
PASS: offered upgrade accepted
PASS: preview matches actual accepted build
PASS: preview matches actual accepted build
PASS: preview does not change choices, RNG or saves
PASS: offered upgrade accepted
PASS: preview matches actual accepted build
PASS: preview matches actual accepted build
PASS: preview does not change choices, RNG or saves
PASS: offered upgrade accepted
PASS: preview matches actual accepted build
PASS: preview matches actual accepted build
PASS: preview matches actual accepted build
PASS: legal connection
PASS: preview does not change choices, RNG or saves
PASS: offered upgrade accepted
PASS: preview matches actual accepted build
PASS: preview matches actual accepted build
PASS: preview does not change choices, RNG or saves
PASS: offered upgrade accepted
PASS: preview matches actual accepted build
PASS: preview matches actual accepted build
PASS: preview matches actual accepted build
PASS: legal connection
PASS: preview does not change choices, RNG or saves
PASS: offered upgrade accepted
PASS: preview matches actual accepted build
PASS: preview matches actual accepted build
PASS: preview matches actual accepted build
PASS: preview does not change choices, RNG or saves
PASS: offered upgrade accepted
PASS: preview matches actual accepted build
PASS: preview does not change choices, RNG or saves
PASS: offered upgrade accepted
PASS: preview matches actual accepted build
PASS: preview matches actual accepted build
PASS: preview matches actual accepted build
PASS: preview does not change choices, RNG or saves
PASS: offered upgrade accepted
PASS: preview matches actual accepted build
PASS: preview matches actual accepted build
PASS: preview matches actual accepted build
PASS: preview does not change choices, RNG or saves
PASS: offered upgrade accepted
PASS: preview matches actual accepted build
PASS: preview matches actual accepted build
PASS: preview matches actual accepted build
PASS: preview does not change choices, RNG or saves
PASS: offered upgrade accepted
PASS: preview matches actual accepted build
PASS: preview matches actual accepted build
PASS: preview matches actual accepted build
PASS: preview does not change choices, RNG or saves
PASS: offered upgrade accepted
PASS: preview matches actual accepted build
PASS: preview matches actual accepted build
PASS: preview matches actual accepted build
PASS: preview does not change choices, RNG or saves
PASS: offered upgrade accepted
PASS: preview matches actual accepted build
PASS: preview matches actual accepted build
PASS: preview matches actual accepted build
PASS: preview does not change choices, RNG or saves
PASS: offered upgrade accepted
PASS: preview matches actual accepted build
PASS: preview matches actual accepted build
PASS: preview matches actual accepted build
PASS: preview does not change choices, RNG or saves
PASS: offered upgrade accepted
PASS: preview matches actual accepted build
PASS: preview matches actual accepted build
PASS: preview matches actual accepted build
PASS: preview does not change choices, RNG or saves
PASS: offered upgrade accepted
PASS: preview matches actual accepted build
PASS: preview matches actual accepted build
PASS: preview matches actual accepted build
PASS: preview does not change choices, RNG or saves
PASS: offered upgrade accepted
PASS: preview matches actual accepted build
PASS: preview matches actual accepted build
PASS: preview matches actual accepted build
PASS: comparison finished
control m1 d0 seed42 connected=true win=true hull=100.0
PASS: valid comparison campaign
PASS: legal mix
PASS: legal mix
PASS: preview does not change choices, RNG or saves
PASS: offered upgrade accepted
PASS: preview matches actual accepted build
PASS: preview matches actual accepted build
PASS: preview does not change choices, RNG or saves
PASS: offered upgrade accepted
PASS: preview matches actual accepted build
PASS: preview matches actual accepted build
PASS: preview does not change choices, RNG or saves
PASS: offered upgrade accepted
PASS: preview matches actual accepted build
PASS: preview matches actual accepted build
PASS: preview does not change choices, RNG or saves
PASS: offered upgrade accepted
PASS: preview matches actual accepted build
PASS: preview matches actual accepted build
PASS: preview matches actual accepted build
PASS: preview does not change choices, RNG or saves
PASS: offered upgrade accepted
PASS: preview matches actual accepted build
PASS: preview matches actual accepted build
PASS: comparison finished
control m4 d0 seed11 connected=false win=false hull=0.0
PASS: valid comparison campaign
PASS: legal mix
PASS: legal mix
PASS: preview does not change choices, RNG or saves
PASS: offered upgrade accepted
PASS: preview matches actual accepted build
PASS: preview matches actual accepted build
PASS: preview does not change choices, RNG or saves
PASS: offered upgrade accepted
PASS: preview matches actual accepted build
PASS: preview matches actual accepted build
PASS: preview does not change choices, RNG or saves
PASS: offered upgrade accepted
PASS: preview matches actual accepted build
PASS: preview matches actual accepted build
PASS: preview does not change choices, RNG or saves
PASS: offered upgrade accepted
PASS: preview matches actual accepted build
PASS: preview matches actual accepted build
PASS: preview matches actual accepted build
PASS: legal connection
PASS: preview does not change choices, RNG or saves
PASS: offered upgrade accepted
PASS: preview matches actual accepted build
PASS: preview matches actual accepted build
PASS: comparison finished
control m4 d0 seed11 connected=true win=false hull=0.0
PASS: valid comparison campaign
PASS: legal mix
PASS: legal mix
PASS: preview does not change choices, RNG or saves
PASS: offered upgrade accepted
PASS: preview matches actual accepted build
PASS: preview matches actual accepted build
PASS: preview does not change choices, RNG or saves
PASS: offered upgrade accepted
PASS: preview matches actual accepted build
PASS: preview matches actual accepted build
PASS: preview does not change choices, RNG or saves
PASS: offered upgrade accepted
PASS: preview matches actual accepted build
PASS: preview matches actual accepted build
PASS: preview does not change choices, RNG or saves
PASS: offered upgrade accepted
PASS: preview matches actual accepted build
PASS: preview does not change choices, RNG or saves
PASS: offered upgrade accepted
PASS: preview matches actual accepted build
PASS: comparison finished
control m4 d0 seed42 connected=false win=false hull=0.0
PASS: valid comparison campaign
PASS: legal mix
PASS: legal mix
PASS: preview does not change choices, RNG or saves
PASS: offered upgrade accepted
PASS: preview matches actual accepted build
PASS: preview matches actual accepted build
PASS: preview does not change choices, RNG or saves
PASS: offered upgrade accepted
PASS: preview matches actual accepted build
PASS: preview matches actual accepted build
PASS: preview does not change choices, RNG or saves
PASS: offered upgrade accepted
PASS: preview matches actual accepted build
PASS: preview matches actual accepted build
PASS: preview does not change choices, RNG or saves
PASS: offered upgrade accepted
PASS: preview matches actual accepted build
PASS: preview does not change choices, RNG or saves
PASS: offered upgrade accepted
PASS: preview matches actual accepted build
PASS: comparison finished
control m4 d0 seed42 connected=true win=false hull=0.0
PASS: valid comparison campaign
PASS: legal mix
PASS: legal mix
PASS: preview does not change choices, RNG or saves
PASS: offered upgrade accepted
PASS: preview matches actual accepted build
PASS: preview matches actual accepted build
PASS: preview does not change choices, RNG or saves
PASS: offered upgrade accepted
PASS: preview matches actual accepted build
PASS: preview matches actual accepted build
PASS: preview does not change choices, RNG or saves
PASS: offered upgrade accepted
PASS: preview matches actual accepted build
PASS: preview matches actual accepted build
PASS: preview does not change choices, RNG or saves
PASS: offered upgrade accepted
PASS: preview matches actual accepted build
PASS: preview matches actual accepted build
PASS: preview matches actual accepted build
PASS: comparison finished
control m8 d1 seed11 connected=false win=false hull=0.0
PASS: valid comparison campaign
PASS: legal mix
PASS: legal mix
PASS: preview does not change choices, RNG or saves
PASS: offered upgrade accepted
PASS: preview matches actual accepted build
PASS: preview matches actual accepted build
PASS: preview does not change choices, RNG or saves
PASS: offered upgrade accepted
PASS: preview matches actual accepted build
PASS: preview matches actual accepted build
PASS: preview does not change choices, RNG or saves
PASS: offered upgrade accepted
PASS: preview matches actual accepted build
PASS: preview matches actual accepted build
PASS: preview does not change choices, RNG or saves
PASS: offered upgrade accepted
PASS: preview matches actual accepted build
PASS: preview matches actual accepted build
PASS: preview matches actual accepted build
PASS: legal connection
PASS: comparison finished
control m8 d1 seed11 connected=true win=false hull=0.0
PASS: valid comparison campaign
PASS: legal mix
PASS: legal mix
PASS: preview does not change choices, RNG or saves
PASS: offered upgrade accepted
PASS: preview matches actual accepted build
PASS: preview matches actual accepted build
PASS: preview does not change choices, RNG or saves
PASS: offered upgrade accepted
PASS: preview matches actual accepted build
PASS: preview matches actual accepted build
PASS: preview does not change choices, RNG or saves
PASS: offered upgrade accepted
PASS: preview matches actual accepted build
PASS: preview matches actual accepted build
PASS: preview does not change choices, RNG or saves
PASS: offered upgrade accepted
PASS: preview matches actual accepted build
PASS: comparison finished
control m8 d1 seed42 connected=false win=false hull=0.0
PASS: valid comparison campaign
PASS: legal mix
PASS: legal mix
PASS: preview does not change choices, RNG or saves
PASS: offered upgrade accepted
PASS: preview matches actual accepted build
PASS: preview matches actual accepted build
PASS: preview does not change choices, RNG or saves
PASS: offered upgrade accepted
PASS: preview matches actual accepted build
PASS: preview matches actual accepted build
PASS: preview does not change choices, RNG or saves
PASS: offered upgrade accepted
PASS: preview matches actual accepted build
PASS: preview matches actual accepted build
PASS: preview does not change choices, RNG or saves
PASS: offered upgrade accepted
PASS: preview matches actual accepted build
PASS: comparison finished
control m8 d1 seed42 connected=true win=false hull=0.0
PASS: valid comparison campaign
PASS: legal mix
PASS: legal mix
PASS: preview does not change choices, RNG or saves
PASS: offered upgrade accepted
PASS: preview matches actual accepted build
PASS: preview matches actual accepted build
PASS: preview does not change choices, RNG or saves
PASS: offered upgrade accepted
PASS: preview matches actual accepted build
PASS: preview matches actual accepted build
PASS: preview does not change choices, RNG or saves
PASS: offered upgrade accepted
PASS: preview matches actual accepted build
PASS: preview matches actual accepted build
PASS: comparison finished
control m12 d2 seed11 connected=false win=false hull=0.0
PASS: valid comparison campaign
PASS: legal mix
PASS: legal mix
PASS: preview does not change choices, RNG or saves
PASS: offered upgrade accepted
PASS: preview matches actual accepted build
PASS: preview matches actual accepted build
PASS: preview does not change choices, RNG or saves
PASS: offered upgrade accepted
PASS: preview matches actual accepted build
PASS: preview matches actual accepted build
PASS: preview does not change choices, RNG or saves
PASS: offered upgrade accepted
PASS: preview matches actual accepted build
PASS: preview matches actual accepted build
PASS: comparison finished
control m12 d2 seed11 connected=true win=false hull=0.0
PASS: valid comparison campaign
PASS: legal mix
PASS: legal mix
PASS: preview does not change choices, RNG or saves
PASS: offered upgrade accepted
PASS: preview matches actual accepted build
PASS: preview matches actual accepted build
PASS: preview does not change choices, RNG or saves
PASS: offered upgrade accepted
PASS: preview matches actual accepted build
PASS: preview matches actual accepted build
PASS: preview does not change choices, RNG or saves
PASS: offered upgrade accepted
PASS: preview matches actual accepted build
PASS: preview matches actual accepted build
PASS: comparison finished
control m12 d2 seed42 connected=false win=false hull=0.0
PASS: valid comparison campaign
PASS: legal mix
PASS: legal mix
PASS: preview does not change choices, RNG or saves
PASS: offered upgrade accepted
PASS: preview matches actual accepted build
PASS: preview matches actual accepted build
PASS: preview does not change choices, RNG or saves
PASS: offered upgrade accepted
PASS: preview matches actual accepted build
PASS: preview matches actual accepted build
PASS: preview does not change choices, RNG or saves
PASS: offered upgrade accepted
PASS: preview matches actual accepted build
PASS: preview matches actual accepted build
PASS: comparison finished
control m12 d2 seed42 connected=true win=false hull=0.0
PASS: valid comparison campaign
PASS: legal mix
PASS: preview does not change choices, RNG or saves
PASS: offered upgrade accepted
PASS: preview matches actual accepted build
PASS: preview does not change choices, RNG or saves
PASS: offered upgrade accepted
PASS: preview matches actual accepted build
PASS: preview does not change choices, RNG or saves
PASS: offered upgrade accepted
PASS: preview matches actual accepted build
PASS: preview matches actual accepted build
PASS: preview does not change choices, RNG or saves
PASS: offered upgrade accepted
PASS: preview matches actual accepted build
PASS: preview does not change choices, RNG or saves
PASS: offered upgrade accepted
PASS: preview matches actual accepted build
PASS: preview matches actual accepted build
PASS: preview does not change choices, RNG or saves
PASS: offered upgrade accepted
PASS: preview matches actual accepted build
PASS: preview does not change choices, RNG or saves
PASS: offered upgrade accepted
PASS: preview matches actual accepted build
PASS: preview does not change choices, RNG or saves
PASS: offered upgrade accepted
PASS: preview matches actual accepted build
PASS: preview does not change choices, RNG or saves
PASS: offered upgrade accepted
PASS: preview matches actual accepted build
PASS: preview matches actual accepted build
PASS: preview does not change choices, RNG or saves
PASS: offered upgrade accepted
PASS: preview matches actual accepted build
PASS: preview matches actual accepted build
PASS: preview does not change choices, RNG or saves
PASS: offered upgrade accepted
PASS: preview matches actual accepted build
PASS: preview matches actual accepted build
PASS: preview does not change choices, RNG or saves
PASS: offered upgrade accepted
PASS: preview matches actual accepted build
PASS: preview matches actual accepted build
PASS: preview does not change choices, RNG or saves
PASS: offered upgrade accepted
PASS: preview matches actual accepted build
PASS: preview matches actual accepted build
PASS: preview does not change choices, RNG or saves
PASS: offered upgrade accepted
PASS: preview matches actual accepted build
PASS: preview matches actual accepted build
PASS: preview does not change choices, RNG or saves
PASS: offered upgrade accepted
PASS: preview matches actual accepted build
PASS: preview matches actual accepted build
PASS: preview does not change choices, RNG or saves
PASS: offered upgrade accepted
PASS: preview matches actual accepted build
PASS: preview matches actual accepted build
PASS: preview does not change choices, RNG or saves
PASS: offered upgrade accepted
PASS: preview matches actual accepted build
PASS: preview matches actual accepted build
PASS: preview does not change choices, RNG or saves
PASS: offered upgrade accepted
PASS: preview matches actual accepted build
PASS: preview does not change choices, RNG or saves
PASS: offered upgrade accepted
PASS: preview matches actual accepted build
PASS: preview matches actual accepted build
PASS: preview does not change choices, RNG or saves
PASS: offered upgrade accepted
PASS: preview matches actual accepted build
PASS: preview matches actual accepted build
PASS: preview does not change choices, RNG or saves
PASS: offered upgrade accepted
PASS: preview matches actual accepted build
PASS: preview matches actual accepted build
PASS: preview does not change choices, RNG or saves
PASS: offered upgrade accepted
PASS: preview matches actual accepted build
PASS: preview matches actual accepted build
PASS: comparison finished
precision m1 d0 seed11 connected=false win=true hull=100.0
PASS: valid comparison campaign
PASS: legal mix
PASS: preview does not change choices, RNG or saves
PASS: offered upgrade accepted
PASS: preview matches actual accepted build
PASS: preview does not change choices, RNG or saves
PASS: offered upgrade accepted
PASS: preview matches actual accepted build
PASS: preview does not change choices, RNG or saves
PASS: offered upgrade accepted
PASS: preview matches actual accepted build
PASS: preview matches actual accepted build
PASS: preview does not change choices, RNG or saves
PASS: offered upgrade accepted
PASS: preview matches actual accepted build
PASS: preview does not change choices, RNG or saves
PASS: offered upgrade accepted
PASS: preview matches actual accepted build
PASS: preview matches actual accepted build
PASS: legal connection
PASS: preview does not change choices, RNG or saves
PASS: offered upgrade accepted
PASS: preview matches actual accepted build
PASS: preview does not change choices, RNG or saves
PASS: offered upgrade accepted
PASS: preview matches actual accepted build
PASS: preview does not change choices, RNG or saves
PASS: offered upgrade accepted
PASS: preview matches actual accepted build
PASS: preview does not change choices, RNG or saves
PASS: offered upgrade accepted
PASS: preview matches actual accepted build
PASS: preview matches actual accepted build
PASS: legal connection
PASS: preview does not change choices, RNG or saves
PASS: offered upgrade accepted
PASS: preview matches actual accepted build
PASS: preview matches actual accepted build
PASS: preview does not change choices, RNG or saves
PASS: offered upgrade accepted
PASS: preview matches actual accepted build
PASS: preview matches actual accepted build
PASS: preview does not change choices, RNG or saves
PASS: offered upgrade accepted
PASS: preview matches actual accepted build
PASS: preview matches actual accepted build
PASS: preview does not change choices, RNG or saves
PASS: offered upgrade accepted
PASS: preview matches actual accepted build
PASS: preview matches actual accepted build
PASS: preview does not change choices, RNG or saves
PASS: offered upgrade accepted
PASS: preview matches actual accepted build
PASS: preview matches actual accepted build
PASS: preview does not change choices, RNG or saves
PASS: offered upgrade accepted
PASS: preview matches actual accepted build
PASS: preview matches actual accepted build
PASS: preview does not change choices, RNG or saves
PASS: offered upgrade accepted
PASS: preview matches actual accepted build
PASS: preview matches actual accepted build
PASS: preview does not change choices, RNG or saves
PASS: offered upgrade accepted
PASS: preview matches actual accepted build
PASS: preview matches actual accepted build
PASS: preview does not change choices, RNG or saves
PASS: offered upgrade accepted
PASS: preview matches actual accepted build
PASS: preview does not change choices, RNG or saves
PASS: offered upgrade accepted
PASS: preview matches actual accepted build
PASS: preview matches actual accepted build
PASS: preview does not change choices, RNG or saves
PASS: offered upgrade accepted
PASS: preview matches actual accepted build
PASS: preview matches actual accepted build
PASS: preview does not change choices, RNG or saves
PASS: offered upgrade accepted
PASS: preview matches actual accepted build
PASS: preview matches actual accepted build
PASS: preview does not change choices, RNG or saves
PASS: offered upgrade accepted
PASS: preview matches actual accepted build
PASS: preview matches actual accepted build
PASS: comparison finished
precision m1 d0 seed11 connected=true win=true hull=100.0
PASS: valid comparison campaign
PASS: legal mix
PASS: preview does not change choices, RNG or saves
PASS: offered upgrade accepted
PASS: preview matches actual accepted build
PASS: preview matches actual accepted build
PASS: preview does not change choices, RNG or saves
PASS: offered upgrade accepted
PASS: preview matches actual accepted build
PASS: preview does not change choices, RNG or saves
PASS: offered upgrade accepted
PASS: preview matches actual accepted build
PASS: preview matches actual accepted build
PASS: preview does not change choices, RNG or saves
PASS: offered upgrade accepted
PASS: preview matches actual accepted build
PASS: preview does not change choices, RNG or saves
PASS: offered upgrade accepted
PASS: preview matches actual accepted build
PASS: preview matches actual accepted build
PASS: preview does not change choices, RNG or saves
PASS: offered upgrade accepted
PASS: preview matches actual accepted build
PASS: preview matches actual accepted build
PASS: preview does not change choices, RNG or saves
PASS: offered upgrade accepted
PASS: preview matches actual accepted build
PASS: preview matches actual accepted build
PASS: preview does not change choices, RNG or saves
PASS: offered upgrade accepted
PASS: preview matches actual accepted build
PASS: preview matches actual accepted build
PASS: preview does not change choices, RNG or saves
PASS: offered upgrade accepted
PASS: preview matches actual accepted build
PASS: preview does not change choices, RNG or saves
PASS: offered upgrade accepted
PASS: preview matches actual accepted build
PASS: preview does not change choices, RNG or saves
PASS: offered upgrade accepted
PASS: preview matches actual accepted build
PASS: preview does not change choices, RNG or saves
PASS: offered upgrade accepted
PASS: preview matches actual accepted build
PASS: preview matches actual accepted build
PASS: preview does not change choices, RNG or saves
PASS: offered upgrade accepted
PASS: preview matches actual accepted build
PASS: preview does not change choices, RNG or saves
PASS: offered upgrade accepted
PASS: preview matches actual accepted build
PASS: preview matches actual accepted build
PASS: preview does not change choices, RNG or saves
PASS: offered upgrade accepted
PASS: preview matches actual accepted build
PASS: preview matches actual accepted build
PASS: preview does not change choices, RNG or saves
PASS: offered upgrade accepted
PASS: preview matches actual accepted build
PASS: preview matches actual accepted build
PASS: preview does not change choices, RNG or saves
PASS: offered upgrade accepted
PASS: preview matches actual accepted build
PASS: preview matches actual accepted build
PASS: preview does not change choices, RNG or saves
PASS: offered upgrade accepted
PASS: preview matches actual accepted build
PASS: preview matches actual accepted build
PASS: preview does not change choices, RNG or saves
PASS: offered upgrade accepted
PASS: preview matches actual accepted build
PASS: preview does not change choices, RNG or saves
PASS: offered upgrade accepted
PASS: preview matches actual accepted build
PASS: preview matches actual accepted build
PASS: preview does not change choices, RNG or saves
PASS: offered upgrade accepted
PASS: preview matches actual accepted build
PASS: preview matches actual accepted build
PASS: comparison finished
precision m1 d0 seed42 connected=false win=true hull=100.0
PASS: valid comparison campaign
PASS: legal mix
PASS: preview does not change choices, RNG or saves
PASS: offered upgrade accepted
PASS: preview matches actual accepted build
PASS: preview matches actual accepted build
PASS: preview does not change choices, RNG or saves
PASS: offered upgrade accepted
PASS: preview matches actual accepted build
PASS: preview does not change choices, RNG or saves
PASS: offered upgrade accepted
PASS: preview matches actual accepted build
PASS: preview matches actual accepted build
PASS: preview does not change choices, RNG or saves
PASS: offered upgrade accepted
PASS: preview matches actual accepted build
PASS: preview does not change choices, RNG or saves
PASS: offered upgrade accepted
PASS: preview matches actual accepted build
PASS: preview matches actual accepted build
PASS: preview does not change choices, RNG or saves
PASS: offered upgrade accepted
PASS: preview matches actual accepted build
PASS: preview matches actual accepted build
PASS: preview does not change choices, RNG or saves
PASS: offered upgrade accepted
PASS: preview matches actual accepted build
PASS: preview matches actual accepted build
PASS: legal connection
PASS: legal connection
PASS: preview does not change choices, RNG or saves
PASS: offered upgrade accepted
PASS: preview matches actual accepted build
PASS: preview matches actual accepted build
PASS: preview does not change choices, RNG or saves
PASS: offered upgrade accepted
PASS: preview matches actual accepted build
PASS: preview does not change choices, RNG or saves
PASS: offered upgrade accepted
PASS: preview matches actual accepted build
PASS: preview does not change choices, RNG or saves
PASS: offered upgrade accepted
PASS: preview matches actual accepted build
PASS: preview does not change choices, RNG or saves
PASS: offered upgrade accepted
PASS: preview matches actual accepted build
PASS: preview matches actual accepted build
PASS: preview does not change choices, RNG or saves
PASS: offered upgrade accepted
PASS: preview matches actual accepted build
PASS: preview does not change choices, RNG or saves
PASS: offered upgrade accepted
PASS: preview matches actual accepted build
PASS: preview matches actual accepted build
PASS: preview does not change choices, RNG or saves
PASS: offered upgrade accepted
PASS: preview matches actual accepted build
PASS: preview matches actual accepted build
PASS: preview does not change choices, RNG or saves
PASS: offered upgrade accepted
PASS: preview matches actual accepted build
PASS: preview matches actual accepted build
PASS: preview does not change choices, RNG or saves
PASS: offered upgrade accepted
PASS: preview matches actual accepted build
PASS: preview matches actual accepted build
PASS: preview does not change choices, RNG or saves
PASS: offered upgrade accepted
PASS: preview matches actual accepted build
PASS: preview matches actual accepted build
PASS: preview does not change choices, RNG or saves
PASS: offered upgrade accepted
PASS: preview matches actual accepted build
PASS: preview does not change choices, RNG or saves
PASS: offered upgrade accepted
PASS: preview matches actual accepted build
PASS: preview matches actual accepted build
PASS: preview does not change choices, RNG or saves
PASS: offered upgrade accepted
PASS: preview matches actual accepted build
PASS: preview matches actual accepted build
PASS: comparison finished
precision m1 d0 seed42 connected=true win=true hull=100.0
PASS: valid comparison campaign
PASS: legal mix
PASS: preview does not change choices, RNG or saves
PASS: offered upgrade accepted
PASS: preview matches actual accepted build
PASS: preview does not change choices, RNG or saves
PASS: offered upgrade accepted
PASS: preview matches actual accepted build
PASS: preview does not change choices, RNG or saves
PASS: offered upgrade accepted
PASS: preview matches actual accepted build
PASS: preview matches actual accepted build
PASS: preview does not change choices, RNG or saves
PASS: offered upgrade accepted
PASS: preview matches actual accepted build
PASS: preview does not change choices, RNG or saves
PASS: offered upgrade accepted
PASS: preview matches actual accepted build
PASS: preview matches actual accepted build
PASS: preview does not change choices, RNG or saves
PASS: offered upgrade accepted
PASS: preview matches actual accepted build
PASS: preview does not change choices, RNG or saves
PASS: offered upgrade accepted
PASS: preview matches actual accepted build
PASS: preview does not change choices, RNG or saves
PASS: offered upgrade accepted
PASS: preview matches actual accepted build
PASS: preview does not change choices, RNG or saves
PASS: offered upgrade accepted
PASS: preview matches actual accepted build
PASS: preview matches actual accepted build
PASS: preview does not change choices, RNG or saves
PASS: offered upgrade accepted
PASS: preview matches actual accepted build
PASS: preview matches actual accepted build
PASS: preview does not change choices, RNG or saves
PASS: offered upgrade accepted
PASS: preview matches actual accepted build
PASS: preview matches actual accepted build
PASS: preview does not change choices, RNG or saves
PASS: offered upgrade accepted
PASS: preview matches actual accepted build
PASS: preview matches actual accepted build
PASS: preview does not change choices, RNG or saves
PASS: offered upgrade accepted
PASS: preview matches actual accepted build
PASS: preview matches actual accepted build
PASS: preview does not change choices, RNG or saves
PASS: offered upgrade accepted
PASS: preview matches actual accepted build
PASS: preview matches actual accepted build
PASS: preview does not change choices, RNG or saves
PASS: offered upgrade accepted
PASS: preview matches actual accepted build
PASS: preview matches actual accepted build
PASS: preview does not change choices, RNG or saves
PASS: offered upgrade accepted
PASS: preview matches actual accepted build
PASS: preview matches actual accepted build
PASS: comparison finished
precision m4 d0 seed11 connected=false win=true hull=100.0
PASS: valid comparison campaign
PASS: legal mix
PASS: preview does not change choices, RNG or saves
PASS: offered upgrade accepted
PASS: preview matches actual accepted build
PASS: preview does not change choices, RNG or saves
PASS: offered upgrade accepted
PASS: preview matches actual accepted build
PASS: preview does not change choices, RNG or saves
PASS: offered upgrade accepted
PASS: preview matches actual accepted build
PASS: preview matches actual accepted build
PASS: preview does not change choices, RNG or saves
PASS: offered upgrade accepted
PASS: preview matches actual accepted build
PASS: preview does not change choices, RNG or saves
PASS: offered upgrade accepted
PASS: preview matches actual accepted build
PASS: preview matches actual accepted build
PASS: legal connection
PASS: preview does not change choices, RNG or saves
PASS: offered upgrade accepted
PASS: preview matches actual accepted build
PASS: preview does not change choices, RNG or saves
PASS: offered upgrade accepted
PASS: preview matches actual accepted build
PASS: preview does not change choices, RNG or saves
PASS: offered upgrade accepted
PASS: preview matches actual accepted build
PASS: preview does not change choices, RNG or saves
PASS: offered upgrade accepted
PASS: preview matches actual accepted build
PASS: preview matches actual accepted build
PASS: legal connection
PASS: preview does not change choices, RNG or saves
PASS: offered upgrade accepted
PASS: preview matches actual accepted build
PASS: preview matches actual accepted build
PASS: preview does not change choices, RNG or saves
PASS: offered upgrade accepted
PASS: preview matches actual accepted build
PASS: preview matches actual accepted build
PASS: preview does not change choices, RNG or saves
PASS: offered upgrade accepted
PASS: preview matches actual accepted build
PASS: preview matches actual accepted build
PASS: preview does not change choices, RNG or saves
PASS: offered upgrade accepted
PASS: preview matches actual accepted build
PASS: preview matches actual accepted build
PASS: preview does not change choices, RNG or saves
PASS: offered upgrade accepted
PASS: preview matches actual accepted build
PASS: preview matches actual accepted build
PASS: preview does not change choices, RNG or saves
PASS: offered upgrade accepted
PASS: preview matches actual accepted build
PASS: preview matches actual accepted build
PASS: preview does not change choices, RNG or saves
PASS: offered upgrade accepted
PASS: preview matches actual accepted build
PASS: preview matches actual accepted build
PASS: comparison finished
precision m4 d0 seed11 connected=true win=true hull=100.0
PASS: valid comparison campaign
PASS: legal mix
PASS: preview does not change choices, RNG or saves
PASS: offered upgrade accepted
PASS: preview matches actual accepted build
PASS: preview matches actual accepted build
PASS: preview does not change choices, RNG or saves
PASS: offered upgrade accepted
PASS: preview matches actual accepted build
PASS: preview does not change choices, RNG or saves
PASS: offered upgrade accepted
PASS: preview matches actual accepted build
PASS: preview matches actual accepted build
PASS: preview does not change choices, RNG or saves
PASS: offered upgrade accepted
PASS: preview matches actual accepted build
PASS: preview does not change choices, RNG or saves
PASS: offered upgrade accepted
PASS: preview matches actual accepted build
PASS: preview matches actual accepted build
PASS: preview does not change choices, RNG or saves
PASS: offered upgrade accepted
PASS: preview matches actual accepted build
PASS: preview matches actual accepted build
PASS: preview does not change choices, RNG or saves
PASS: offered upgrade accepted
PASS: preview matches actual accepted build
PASS: preview matches actual accepted build
PASS: preview does not change choices, RNG or saves
PASS: offered upgrade accepted
PASS: preview matches actual accepted build
PASS: preview matches actual accepted build
PASS: preview does not change choices, RNG or saves
PASS: offered upgrade accepted
PASS: preview matches actual accepted build
PASS: preview does not change choices, RNG or saves
PASS: offered upgrade accepted
PASS: preview matches actual accepted build
PASS: preview does not change choices, RNG or saves
PASS: offered upgrade accepted
PASS: preview matches actual accepted build
PASS: preview does not change choices, RNG or saves
PASS: offered upgrade accepted
PASS: preview matches actual accepted build
PASS: preview matches actual accepted build
PASS: preview does not change choices, RNG or saves
PASS: offered upgrade accepted
PASS: preview matches actual accepted build
PASS: preview does not change choices, RNG or saves
PASS: offered upgrade accepted
PASS: preview matches actual accepted build
PASS: preview matches actual accepted build
PASS: preview does not change choices, RNG or saves
PASS: offered upgrade accepted
PASS: preview matches actual accepted build
PASS: preview matches actual accepted build
PASS: comparison finished
precision m4 d0 seed42 connected=false win=true hull=100.0
PASS: valid comparison campaign
PASS: legal mix
PASS: preview does not change choices, RNG or saves
PASS: offered upgrade accepted
PASS: preview matches actual accepted build
PASS: preview matches actual accepted build
PASS: preview does not change choices, RNG or saves
PASS: offered upgrade accepted
PASS: preview matches actual accepted build
PASS: preview does not change choices, RNG or saves
PASS: offered upgrade accepted
PASS: preview matches actual accepted build
PASS: preview matches actual accepted build
PASS: preview does not change choices, RNG or saves
PASS: offered upgrade accepted
PASS: preview matches actual accepted build
PASS: preview does not change choices, RNG or saves
PASS: offered upgrade accepted
PASS: preview matches actual accepted build
PASS: preview matches actual accepted build
PASS: preview does not change choices, RNG or saves
PASS: offered upgrade accepted
PASS: preview matches actual accepted build
PASS: preview matches actual accepted build
PASS: preview does not change choices, RNG or saves
PASS: offered upgrade accepted
PASS: preview matches actual accepted build
PASS: preview matches actual accepted build
PASS: legal connection
PASS: legal connection
PASS: preview does not change choices, RNG or saves
PASS: offered upgrade accepted
PASS: preview matches actual accepted build
PASS: preview matches actual accepted build
PASS: preview does not change choices, RNG or saves
PASS: offered upgrade accepted
PASS: preview matches actual accepted build
PASS: preview does not change choices, RNG or saves
PASS: offered upgrade accepted
PASS: preview matches actual accepted build
PASS: preview does not change choices, RNG or saves
PASS: offered upgrade accepted
PASS: preview matches actual accepted build
PASS: preview does not change choices, RNG or saves
PASS: offered upgrade accepted
PASS: preview matches actual accepted build
PASS: preview matches actual accepted build
PASS: preview does not change choices, RNG or saves
PASS: offered upgrade accepted
PASS: preview matches actual accepted build
PASS: preview does not change choices, RNG or saves
PASS: offered upgrade accepted
PASS: preview matches actual accepted build
PASS: preview matches actual accepted build
PASS: preview does not change choices, RNG or saves
PASS: offered upgrade accepted
PASS: preview matches actual accepted build
PASS: preview matches actual accepted build
PASS: comparison finished
precision m4 d0 seed42 connected=true win=true hull=100.0
PASS: valid comparison campaign
PASS: legal mix
PASS: preview does not change choices, RNG or saves
PASS: offered upgrade accepted
PASS: preview matches actual accepted build
PASS: preview does not change choices, RNG or saves
PASS: offered upgrade accepted
PASS: preview matches actual accepted build
PASS: preview does not change choices, RNG or saves
PASS: offered upgrade accepted
PASS: preview matches actual accepted build
PASS: preview matches actual accepted build
PASS: preview does not change choices, RNG or saves
PASS: offered upgrade accepted
PASS: preview matches actual accepted build
PASS: preview does not change choices, RNG or saves
PASS: offered upgrade accepted
PASS: preview matches actual accepted build
PASS: preview matches actual accepted build
PASS: comparison finished
precision m8 d1 seed11 connected=false win=false hull=0.0
PASS: valid comparison campaign
PASS: legal mix
PASS: preview does not change choices, RNG or saves
PASS: offered upgrade accepted
PASS: preview matches actual accepted build
PASS: preview does not change choices, RNG or saves
PASS: offered upgrade accepted
PASS: preview matches actual accepted build
PASS: preview does not change choices, RNG or saves
PASS: offered upgrade accepted
PASS: preview matches actual accepted build
PASS: preview matches actual accepted build
PASS: preview does not change choices, RNG or saves
PASS: offered upgrade accepted
PASS: preview matches actual accepted build
PASS: preview does not change choices, RNG or saves
PASS: offered upgrade accepted
PASS: preview matches actual accepted build
PASS: preview matches actual accepted build
PASS: legal connection
PASS: comparison finished
precision m8 d1 seed11 connected=true win=false hull=0.0
PASS: valid comparison campaign
PASS: legal mix
PASS: preview does not change choices, RNG or saves
PASS: offered upgrade accepted
PASS: preview matches actual accepted build
PASS: preview matches actual accepted build
PASS: preview does not change choices, RNG or saves
PASS: offered upgrade accepted
PASS: preview matches actual accepted build
PASS: preview does not change choices, RNG or saves
PASS: offered upgrade accepted
PASS: preview matches actual accepted build
PASS: preview matches actual accepted build
PASS: preview does not change choices, RNG or saves
PASS: offered upgrade accepted
PASS: preview matches actual accepted build
PASS: preview does not change choices, RNG or saves
PASS: offered upgrade accepted
PASS: preview matches actual accepted build
PASS: preview matches actual accepted build
PASS: comparison finished
precision m8 d1 seed42 connected=false win=false hull=0.0
PASS: valid comparison campaign
PASS: legal mix
PASS: preview does not change choices, RNG or saves
PASS: offered upgrade accepted
PASS: preview matches actual accepted build
PASS: preview matches actual accepted build
PASS: preview does not change choices, RNG or saves
PASS: offered upgrade accepted
PASS: preview matches actual accepted build
PASS: preview does not change choices, RNG or saves
PASS: offered upgrade accepted
PASS: preview matches actual accepted build
PASS: preview matches actual accepted build
PASS: preview does not change choices, RNG or saves
PASS: offered upgrade accepted
PASS: preview matches actual accepted build
PASS: preview does not change choices, RNG or saves
PASS: offered upgrade accepted
PASS: preview matches actual accepted build
PASS: preview matches actual accepted build
PASS: comparison finished
precision m8 d1 seed42 connected=true win=false hull=0.0
PASS: valid comparison campaign
PASS: legal mix
PASS: preview does not change choices, RNG or saves
PASS: offered upgrade accepted
PASS: preview matches actual accepted build
PASS: preview does not change choices, RNG or saves
PASS: offered upgrade accepted
PASS: preview matches actual accepted build
PASS: preview does not change choices, RNG or saves
PASS: offered upgrade accepted
PASS: preview matches actual accepted build
PASS: preview matches actual accepted build
PASS: preview does not change choices, RNG or saves
PASS: offered upgrade accepted
PASS: preview matches actual accepted build
PASS: comparison finished
precision m12 d2 seed11 connected=false win=false hull=0.0
PASS: valid comparison campaign
PASS: legal mix
PASS: preview does not change choices, RNG or saves
PASS: offered upgrade accepted
PASS: preview matches actual accepted build
PASS: preview does not change choices, RNG or saves
PASS: offered upgrade accepted
PASS: preview matches actual accepted build
PASS: preview does not change choices, RNG or saves
PASS: offered upgrade accepted
PASS: preview matches actual accepted build
PASS: preview matches actual accepted build
PASS: preview does not change choices, RNG or saves
PASS: offered upgrade accepted
PASS: preview matches actual accepted build
PASS: comparison finished
precision m12 d2 seed11 connected=true win=false hull=0.0
PASS: valid comparison campaign
PASS: legal mix
PASS: preview does not change choices, RNG or saves
PASS: offered upgrade accepted
PASS: preview matches actual accepted build
PASS: preview matches actual accepted build
PASS: preview does not change choices, RNG or saves
PASS: offered upgrade accepted
PASS: preview matches actual accepted build
PASS: preview does not change choices, RNG or saves
PASS: offered upgrade accepted
PASS: preview matches actual accepted build
PASS: preview matches actual accepted build
PASS: preview does not change choices, RNG or saves
PASS: offered upgrade accepted
PASS: preview matches actual accepted build
PASS: comparison finished
precision m12 d2 seed42 connected=false win=false hull=0.0
PASS: valid comparison campaign
PASS: legal mix
PASS: preview does not change choices, RNG or saves
PASS: offered upgrade accepted
PASS: preview matches actual accepted build
PASS: preview matches actual accepted build
PASS: preview does not change choices, RNG or saves
PASS: offered upgrade accepted
PASS: preview matches actual accepted build
PASS: preview does not change choices, RNG or saves
PASS: offered upgrade accepted
PASS: preview matches actual accepted build
PASS: preview matches actual accepted build
PASS: preview does not change choices, RNG or saves
PASS: offered upgrade accepted
PASS: preview matches actual accepted build
PASS: comparison finished
precision m12 d2 seed42 connected=true win=false hull=0.0
RESULT: 48 runs; 2004 checks; 0 failures
