Godot Engine v4.7.2.stable.official.ed1daf0bf - https://godotengine.org
OpenGL API 4.1 Metal - 90.5 - Compatibility - Using Device: Apple - Apple M2 Pro

M1_PROBE {"active_seconds":187.854192333322,"event":"ready","instances":1,"paused_drift":0,"pauses":0,"resumes":0,"taps":1}
M2_COMBAT {"actors":0,"event":"start","focus":false,"hull":100.0,"instances":1,"paused":false,"phase":0,"seconds":0.0,"shield":65.0,"wave":0}
PASS: staged unlocked loadout starts
PASS: isolated fixture has no save-recovery overlay
M2_COMBAT {"actors":0,"event":"wave","focus":false,"hull":100.0,"instances":1,"paused":false,"phase":1,"seconds":0.0166666666666667,"shield":65.0,"wave":1}
PASS: pointer on diagram selects its owning upgrade card
PASS: three choices remain available
PASS: card stays inside scroll sheet width
PASS: card stays inside scroll sheet width
PASS: card stays inside scroll sheet width
M2_COMBAT {"actors":5,"event":"lifecycle","focus":false,"hull":100.0,"instances":1,"paused":false,"phase":4,"seconds":0.1,"shield":65.0,"wave":1}
PASS: real info button is read-only
PASS: branch details contain diagrams
PASS: large text details do not overflow horizontally
PASS: missing marking branch cannot connect
PASS: actual branch makes connection available
PASS: real Connect button wires chosen slot
PASS: connection catalogue fits large text width
M1_PROBE {"active_seconds":187.854192333322,"event":"ready","instances":1,"paused_drift":0,"pauses":0,"resumes":0,"taps":1}
M2_COMBAT {"actors":0,"event":"start","focus":false,"hull":100.0,"instances":1,"paused":false,"phase":0,"seconds":0.0,"shield":65.0,"wave":0}
PASS: staged unlocked loadout starts
PASS: isolated fixture has no save-recovery overlay
M2_COMBAT {"actors":0,"event":"wave","focus":false,"hull":100.0,"instances":1,"paused":false,"phase":1,"seconds":0.0166666666666667,"shield":65.0,"wave":1}
PASS: pointer on diagram selects its owning upgrade card
PASS: three choices remain available
PASS: card stays inside scroll sheet width
PASS: card stays inside scroll sheet width
PASS: card stays inside scroll sheet width
PASS: real info button is read-only
PASS: branch details contain diagrams
PASS: large text details do not overflow horizontally
PASS: missing marking branch cannot connect
PASS: actual branch makes connection available
PASS: real Connect button wires chosen slot
PASS: connection catalogue fits large text width
M1_PROBE {"active_seconds":187.854192333322,"event":"ready","instances":1,"paused_drift":0,"pauses":0,"resumes":0,"taps":1}
M2_COMBAT {"actors":0,"event":"start","focus":false,"hull":100.0,"instances":1,"paused":false,"phase":0,"seconds":0.0,"shield":65.0,"wave":0}
PASS: staged unlocked loadout starts
PASS: isolated fixture has no save-recovery overlay
M2_COMBAT {"actors":0,"event":"wave","focus":false,"hull":100.0,"instances":1,"paused":false,"phase":1,"seconds":0.0166666666666667,"shield":65.0,"wave":1}
PASS: pointer on diagram selects its owning upgrade card
PASS: three choices remain available
PASS: card stays inside scroll sheet width
PASS: card stays inside scroll sheet width
PASS: card stays inside scroll sheet width
PASS: real info button is read-only
PASS: branch details contain diagrams
PASS: large text details do not overflow horizontally
PASS: missing marking branch cannot connect
PASS: actual branch makes connection available
PASS: real Connect button wires chosen slot
PASS: connection catalogue fits large text width
RESULT: 42 rendered build checks; 0 failures
