Godot Engine v4.7.2.stable.official.ed1daf0bf - https://godotengine.org
OpenGL API 4.1 Metal - 90.5 - Compatibility - Using Device: Apple - Apple M2 Pro

PASS: whole cards select two modules and lock third
PASS: module UI fits width: @VBoxContainer@137
PASS: module UI fits width: @GridContainer@138
PASS: module UI fits width: @Button@144
PASS: module UI fits width: @VBoxContainer@139
PASS: module UI fits width: @TextureRect@140
PASS: module UI fits width: @Label@141
PASS: module UI fits width: @Label@142
PASS: module UI fits width: @Label@143
PASS: module UI fits width: @Button@150
PASS: module UI fits width: @VBoxContainer@145
PASS: module UI fits width: @TextureRect@146
PASS: module UI fits width: @Label@147
PASS: module UI fits width: @Label@148
PASS: module UI fits width: @Label@149
PASS: module UI fits width: @Button@156
PASS: module UI fits width: @VBoxContainer@151
PASS: module UI fits width: @TextureRect@152
PASS: module UI fits width: @Label@153
PASS: module UI fits width: @Label@154
PASS: module UI fits width: @Label@155
PASS: module UI fits width: @Button@162
PASS: module UI fits width: @VBoxContainer@157
PASS: module UI fits width: @TextureRect@158
PASS: module UI fits width: @Label@159
PASS: module UI fits width: @Label@160
PASS: module UI fits width: @Label@161
PASS: module UI fits width: @Button@168
PASS: module UI fits width: @VBoxContainer@163
PASS: module UI fits width: @TextureRect@164
PASS: module UI fits width: @Label@165
PASS: module UI fits width: @Label@166
PASS: module UI fits width: @Label@167
PASS: module UI fits width: @Button@174
PASS: module UI fits width: @VBoxContainer@169
PASS: module UI fits width: @TextureRect@170
PASS: module UI fits width: @Label@171
PASS: module UI fits width: @Label@172
PASS: module UI fits width: @Label@173
PASS: module UI fits width: @Button@180
PASS: module UI fits width: @VBoxContainer@175
PASS: module UI fits width: @TextureRect@176
PASS: module UI fits width: @Label@177
PASS: module UI fits width: @Label@178
PASS: module UI fits width: @Label@179
PASS: module UI fits width: @Button@186
PASS: module UI fits width: @VBoxContainer@181
PASS: module UI fits width: @TextureRect@182
PASS: module UI fits width: @Label@183
PASS: module UI fits width: @Label@184
PASS: module UI fits width: @Label@185
PASS: module UI fits width: @Button@192
PASS: module UI fits width: @VBoxContainer@187
PASS: module UI fits width: @TextureRect@188
PASS: module UI fits width: @Label@189
PASS: module UI fits width: @Label@190
PASS: module UI fits width: @Label@191
PASS: module UI fits width: @Button@198
PASS: module UI fits width: @VBoxContainer@193
PASS: module UI fits width: @TextureRect@194
PASS: module UI fits width: @Label@195
PASS: module UI fits width: @Label@196
PASS: module UI fits width: @Label@197
PASS: module UI fits width: @Button@204
PASS: module UI fits width: @VBoxContainer@199
PASS: module UI fits width: @TextureRect@200
PASS: module UI fits width: @Label@201
PASS: module UI fits width: @Label@202
PASS: module UI fits width: @Label@203
PASS: module UI fits width: @Button@210
PASS: module UI fits width: @VBoxContainer@205
PASS: module UI fits width: @TextureRect@206
PASS: module UI fits width: @Label@207
PASS: module UI fits width: @Label@208
PASS: module UI fits width: @Label@209
PASS: scrolling and replacing a module works through viewport input
M2_COMBAT {"actors":0,"event":"start","focus":false,"hull":100.0,"instances":1,"paused":false,"phase":0,"seconds":0.0,"shield":65.0,"wave":0}
M2_COMBAT {"actors":0,"event":"tick","focus":false,"hull":100.0,"instances":1,"paused":false,"phase":0,"seconds":0.0,"shield":65.0,"wave":0}
M2_COMBAT {"actors":0,"event":"wave","focus":false,"hull":100.0,"instances":1,"paused":false,"phase":1,"seconds":0.0166666666666667,"shield":65.0,"wave":1}
PASS: whole cards select two modules and lock third
PASS: module UI fits width: @VBoxContainer@361
PASS: module UI fits width: @GridContainer@362
PASS: module UI fits width: @Button@368
PASS: module UI fits width: @VBoxContainer@363
PASS: module UI fits width: @TextureRect@364
PASS: module UI fits width: @Label@365
PASS: module UI fits width: @Label@366
PASS: module UI fits width: @Label@367
PASS: module UI fits width: @Button@374
PASS: module UI fits width: @VBoxContainer@369
PASS: module UI fits width: @TextureRect@370
PASS: module UI fits width: @Label@371
PASS: module UI fits width: @Label@372
PASS: module UI fits width: @Label@373
PASS: module UI fits width: @Button@380
PASS: module UI fits width: @VBoxContainer@375
PASS: module UI fits width: @TextureRect@376
PASS: module UI fits width: @Label@377
PASS: module UI fits width: @Label@378
PASS: module UI fits width: @Label@379
PASS: module UI fits width: @Button@386
PASS: module UI fits width: @VBoxContainer@381
PASS: module UI fits width: @TextureRect@382
PASS: module UI fits width: @Label@383
PASS: module UI fits width: @Label@384
PASS: module UI fits width: @Label@385
PASS: module UI fits width: @Button@392
PASS: module UI fits width: @VBoxContainer@387
PASS: module UI fits width: @TextureRect@388
PASS: module UI fits width: @Label@389
PASS: module UI fits width: @Label@390
PASS: module UI fits width: @Label@391
PASS: module UI fits width: @Button@398
PASS: module UI fits width: @VBoxContainer@393
PASS: module UI fits width: @TextureRect@394
PASS: module UI fits width: @Label@395
PASS: module UI fits width: @Label@396
PASS: module UI fits width: @Label@397
PASS: module UI fits width: @Button@404
PASS: module UI fits width: @VBoxContainer@399
PASS: module UI fits width: @TextureRect@400
PASS: module UI fits width: @Label@401
PASS: module UI fits width: @Label@402
PASS: module UI fits width: @Label@403
PASS: module UI fits width: @Button@410
PASS: module UI fits width: @VBoxContainer@405
PASS: module UI fits width: @TextureRect@406
PASS: module UI fits width: @Label@407
PASS: module UI fits width: @Label@408
PASS: module UI fits width: @Label@409
PASS: module UI fits width: @Button@416
PASS: module UI fits width: @VBoxContainer@411
PASS: module UI fits width: @TextureRect@412
PASS: module UI fits width: @Label@413
PASS: module UI fits width: @Label@414
PASS: module UI fits width: @Label@415
PASS: module UI fits width: @Button@422
PASS: module UI fits width: @VBoxContainer@417
PASS: module UI fits width: @TextureRect@418
PASS: module UI fits width: @Label@419
PASS: module UI fits width: @Label@420
PASS: module UI fits width: @Label@421
PASS: module UI fits width: @Button@428
PASS: module UI fits width: @VBoxContainer@423
PASS: module UI fits width: @TextureRect@424
PASS: module UI fits width: @Label@425
PASS: module UI fits width: @Label@426
PASS: module UI fits width: @Label@427
PASS: module UI fits width: @Button@434
PASS: module UI fits width: @VBoxContainer@429
PASS: module UI fits width: @TextureRect@430
PASS: module UI fits width: @Label@431
PASS: module UI fits width: @Label@432
PASS: module UI fits width: @Label@433
PASS: scrolling and replacing a module works through viewport input
M2_COMBAT {"actors":0,"event":"start","focus":false,"hull":100.0,"instances":1,"paused":false,"phase":0,"seconds":0.0,"shield":65.0,"wave":0}
M2_COMBAT {"actors":0,"event":"tick","focus":false,"hull":100.0,"instances":1,"paused":false,"phase":0,"seconds":0.0,"shield":65.0,"wave":0}
M2_COMBAT {"actors":0,"event":"wave","focus":false,"hull":100.0,"instances":1,"paused":false,"phase":1,"seconds":0.0166666666666667,"shield":65.0,"wave":1}
RESULT: 152 module visual/input checks; 0 failures
