Godot Engine v4.7.2.stable.official.ed1daf0bf - https://godotengine.org
OpenGL API 4.1 Metal - 90.5 - Compatibility - Using Device: Apple - Apple M2 Pro

M1_PROBE {"active_seconds":187.854192333322,"event":"ready","instances":1,"paused_drift":0,"pauses":0,"resumes":0,"taps":1}
M2_COMBAT {"actors":0,"event":"start","focus":false,"hull":100.0,"instances":1,"paused":false,"phase":0,"seconds":0.0,"shield":65.0,"wave":0}
M2_COMBAT {"actors":0,"event":"wave","focus":false,"hull":100.0,"instances":1,"paused":false,"phase":1,"seconds":0.0166666666666667,"shield":65.0,"wave":1}
M2_COMBAT {"actors":0,"event":"results","focus":false,"hull":0.0,"instances":1,"paused":false,"phase":3,"seconds":0.1,"shield":0.0,"wave":1}
M2_COMBAT {"actors":0,"event":"lifecycle","focus":false,"hull":0.0,"instances":1,"paused":false,"phase":3,"seconds":0.1,"shield":0.0,"wave":1}
PASS: defeat shows evidence-based reason
PASS: retry fits viewport with large text
PASS: real report button opens breakdown
PASS: graphical report fits width
PASS: report displays damage and equipment bars
PASS: back at top returns without scrolling
M2_COMBAT {"actors":0,"event":"restart","focus":false,"hull":100.0,"instances":1,"paused":false,"phase":0,"seconds":0.0,"shield":65.0,"wave":0}
PASS: one tap retry starts fresh run
PASS: retry clears damage history and temporary effects
PASS: retry closes report and mixer
M1_PROBE {"active_seconds":187.854192333322,"event":"ready","instances":1,"paused_drift":0,"pauses":0,"resumes":0,"taps":1}
M2_COMBAT {"actors":0,"event":"start","focus":false,"hull":100.0,"instances":1,"paused":false,"phase":0,"seconds":0.0,"shield":65.0,"wave":0}
M2_COMBAT {"actors":0,"event":"wave","focus":false,"hull":100.0,"instances":1,"paused":false,"phase":1,"seconds":0.0166666666666667,"shield":65.0,"wave":1}
M2_COMBAT {"actors":0,"event":"results","focus":false,"hull":0.0,"instances":1,"paused":false,"phase":3,"seconds":0.1,"shield":0.0,"wave":1}
PASS: defeat shows evidence-based reason
PASS: retry fits viewport with large text
PASS: real report button opens breakdown
PASS: graphical report fits width
PASS: report displays damage and equipment bars
PASS: back at top returns without scrolling
M2_COMBAT {"actors":0,"event":"restart","focus":false,"hull":100.0,"instances":1,"paused":false,"phase":0,"seconds":0.0,"shield":65.0,"wave":0}
PASS: one tap retry starts fresh run
PASS: retry clears damage history and temporary effects
PASS: retry closes report and mixer
M1_PROBE {"active_seconds":187.854192333322,"event":"ready","instances":2,"paused_drift":0,"pauses":0,"resumes":0,"taps":1}
M2_COMBAT {"actors":0,"event":"start","focus":false,"hull":100.0,"instances":2,"paused":false,"phase":0,"seconds":0.0,"shield":65.0,"wave":0}
M2_COMBAT {"actors":0,"event":"wave","focus":false,"hull":100.0,"instances":2,"paused":false,"phase":1,"seconds":0.0166666666666667,"shield":65.0,"wave":1}
M2_COMBAT {"actors":0,"event":"results","focus":false,"hull":0.0,"instances":2,"paused":false,"phase":3,"seconds":0.1,"shield":0.0,"wave":1}
PASS: defeat shows evidence-based reason
PASS: retry fits viewport with large text
PASS: real report button opens breakdown
PASS: graphical report fits width
PASS: report displays damage and equipment bars
PASS: back at top returns without scrolling
M2_COMBAT {"actors":0,"event":"restart","focus":false,"hull":100.0,"instances":1,"paused":false,"phase":0,"seconds":0.0,"shield":65.0,"wave":0}
PASS: one tap retry starts fresh run
PASS: retry clears damage history and temporary effects
PASS: retry closes report and mixer
RESULT: 27 rendered loss checks; 0 failures
