Godot Engine v4.7.2.stable.official.ed1daf0bf - https://godotengine.org
OpenGL API 4.1 Metal - 90.5 - Compatibility - Using Device: Apple - Apple M2 Pro

M1_PROBE {"active_seconds":187.854192333322,"event":"ready","instances":1,"paused_drift":0,"pauses":0,"resumes":0,"taps":1}
PASS: fresh menu opens station route through real input
PASS: first station selected and later stations locked
PASS: route advances to equipment selection
M2_COMBAT {"actors":0,"event":"start","focus":false,"hull":100.0,"instances":1,"paused":false,"phase":0,"seconds":0.0,"shield":65.0,"wave":0}
M2_COMBAT {"actors":0,"event":"wave","focus":false,"hull":100.0,"instances":1,"paused":false,"phase":1,"seconds":0.0166666666666667,"shield":65.0,"wave":1}
M2_COMBAT {"actors":5,"event":"tick","focus":false,"hull":100.0,"instances":1,"paused":false,"phase":1,"seconds":0.05,"shield":65.0,"wave":1}
PASS: starter loadout enters valid fresh mission
M2_COMBAT {"actors":8,"event":"shield","focus":false,"hull":100.0,"instances":1,"paused":false,"phase":1,"seconds":6.86666666666665,"shield":65.0,"wave":1}
PASS: legal first-run upgrade triggers contextual mixer guidance
PASS: real approaching enemies and shield activation teach protection
PASS: first-run coaching survives preference reload
PASS: coaching leaves real mission checkpoint valid
M1_PROBE {"active_seconds":187.854192333322,"event":"ready","instances":1,"paused_drift":0,"pauses":0,"resumes":0,"taps":1}
M2_COMBAT {"actors":4,"event":"start","focus":false,"hull":100.0,"instances":1,"paused":false,"phase":1,"seconds":11.3833333333335,"shield":65.0,"wave":1}
PASS: actual Continue resumes first-run checkpoint
PASS: continuation retains previously shown coaching
RESULT: 10 fresh-flow checks; 0 failures; hints=["shield", "boost", "mixer"]
