Godot Engine v4.7.2.stable.official.ed1daf0bf - https://godotengine.org
OpenGL API 4.1 Metal - 90.5 - Compatibility - Using Device: Apple - Apple M2 Pro

M1_PROBE {"active_seconds":187.854192333322,"event":"ready","instances":1,"paused_drift":0,"pauses":0,"resumes":0,"taps":1}
M2_COMBAT {"actors":0,"event":"start","focus":false,"hull":100.0,"instances":1,"paused":false,"phase":0,"seconds":0.0,"shield":65.0,"wave":0}
M2_COMBAT {"actors":0,"event":"wave","focus":false,"hull":100.0,"instances":1,"paused":false,"phase":1,"seconds":0.0166666666666667,"shield":65.0,"wave":1}
PASS: contextual shield hint appears beside live controls
PASS: coaching does not alter combat, RNG or checkpoint
PASS: hint is outside battlefield
PASS: large-text coaching and meters fit viewport
M2_COMBAT {"actors":6,"event":"shield","focus":false,"hull":100.0,"instances":1,"paused":false,"phase":1,"seconds":0.1,"shield":65.0,"wave":1}
PASS: actual shield tap teaches the real visible reserve
M2_COMBAT {"actors":6,"event":"lifecycle","focus":false,"hull":100.0,"instances":1,"paused":false,"phase":1,"seconds":0.1,"shield":65.0,"wave":1}
PASS: dismiss removes hint without pausing combat
PASS: dismissed hint does not reappear
PASS: mixer guidance begins after equipment choice
PASS: real mixer tap pauses fight and hides coaching
PASS: handedness moves the visible shield control
PASS: handedness moves the visible shield control
PASS: handedness exposed in settings
PASS: real Help replay control resets coaching
PASS: replay preserves accessibility options
M2_COMBAT {"actors":6,"event":"manual_resume","focus":false,"hull":100.0,"instances":1,"paused":false,"phase":1,"seconds":0.1,"shield":65.0,"wave":1}
PASS: replayed coaching resumes when context is relevant
M2_COMBAT {"actors":0,"event":"restart","focus":false,"hull":100.0,"instances":1,"paused":false,"phase":0,"seconds":0.0,"shield":65.0,"wave":0}
M2_COMBAT {"actors":0,"event":"wave","focus":false,"hull":100.0,"instances":1,"paused":false,"phase":1,"seconds":0.0166666666666667,"shield":65.0,"wave":1}
PASS: new run does not repeat previously shown coaching
M2_COMBAT {"actors":6,"event":"lifecycle","focus":false,"hull":100.0,"instances":1,"paused":true,"phase":1,"seconds":0.1,"shield":65.0,"wave":1}
M2_COMBAT {"actors":6,"event":"tick","focus":false,"hull":100.0,"instances":1,"paused":true,"phase":1,"seconds":0.1,"shield":65.0,"wave":1}
PASS: background freezes simulation
M2_COMBAT {"actors":6,"event":"lifecycle","focus":false,"hull":100.0,"instances":1,"paused":false,"phase":1,"seconds":0.1,"shield":65.0,"wave":1}
PASS: resume discards interruption delta
M1_PROBE {"active_seconds":187.854192333322,"event":"ready","instances":2,"paused_drift":0,"pauses":0,"resumes":0,"taps":1}
M2_COMBAT {"actors":0,"event":"start","focus":false,"hull":100.0,"instances":2,"paused":false,"phase":0,"seconds":0.0,"shield":65.0,"wave":0}
M2_COMBAT {"actors":0,"event":"wave","focus":false,"hull":100.0,"instances":2,"paused":false,"phase":1,"seconds":0.0166666666666667,"shield":65.0,"wave":1}
PASS: contextual shield hint appears beside live controls
PASS: coaching does not alter combat, RNG or checkpoint
PASS: hint is outside battlefield
PASS: large-text coaching and meters fit viewport
M2_COMBAT {"actors":6,"event":"shield","focus":false,"hull":100.0,"instances":1,"paused":false,"phase":1,"seconds":0.1,"shield":65.0,"wave":1}
PASS: actual shield tap teaches the real visible reserve
PASS: dismiss removes hint without pausing combat
PASS: dismissed hint does not reappear
PASS: mixer guidance begins after equipment choice
PASS: real mixer tap pauses fight and hides coaching
PASS: handedness moves the visible shield control
PASS: handedness moves the visible shield control
PASS: handedness exposed in settings
PASS: real Help replay control resets coaching
PASS: replay preserves accessibility options
M2_COMBAT {"actors":6,"event":"manual_resume","focus":false,"hull":100.0,"instances":1,"paused":false,"phase":1,"seconds":0.1,"shield":65.0,"wave":1}
PASS: replayed coaching resumes when context is relevant
M2_COMBAT {"actors":0,"event":"restart","focus":false,"hull":100.0,"instances":1,"paused":false,"phase":0,"seconds":0.0,"shield":65.0,"wave":0}
M2_COMBAT {"actors":0,"event":"wave","focus":false,"hull":100.0,"instances":1,"paused":false,"phase":1,"seconds":0.0166666666666667,"shield":65.0,"wave":1}
PASS: new run does not repeat previously shown coaching
M2_COMBAT {"actors":6,"event":"lifecycle","focus":false,"hull":100.0,"instances":1,"paused":true,"phase":1,"seconds":0.1,"shield":65.0,"wave":1}
M2_COMBAT {"actors":6,"event":"tick","focus":false,"hull":100.0,"instances":1,"paused":true,"phase":1,"seconds":0.1,"shield":65.0,"wave":1}
PASS: background freezes simulation
M2_COMBAT {"actors":6,"event":"lifecycle","focus":false,"hull":100.0,"instances":1,"paused":false,"phase":1,"seconds":0.1,"shield":65.0,"wave":1}
PASS: resume discards interruption delta
M1_PROBE {"active_seconds":187.854192333322,"event":"ready","instances":1,"paused_drift":0,"pauses":0,"resumes":0,"taps":1}
M2_COMBAT {"actors":0,"event":"start","focus":false,"hull":100.0,"instances":1,"paused":false,"phase":0,"seconds":0.0,"shield":65.0,"wave":0}
M2_COMBAT {"actors":0,"event":"wave","focus":false,"hull":100.0,"instances":1,"paused":false,"phase":1,"seconds":0.0166666666666667,"shield":65.0,"wave":1}
PASS: contextual shield hint appears beside live controls
PASS: coaching does not alter combat, RNG or checkpoint
PASS: hint is outside battlefield
PASS: large-text coaching and meters fit viewport
M2_COMBAT {"actors":6,"event":"shield","focus":false,"hull":100.0,"instances":1,"paused":false,"phase":1,"seconds":0.1,"shield":65.0,"wave":1}
PASS: actual shield tap teaches the real visible reserve
PASS: dismiss removes hint without pausing combat
PASS: dismissed hint does not reappear
PASS: mixer guidance begins after equipment choice
PASS: real mixer tap pauses fight and hides coaching
PASS: handedness moves the visible shield control
PASS: handedness moves the visible shield control
PASS: handedness exposed in settings
PASS: real Help replay control resets coaching
PASS: replay preserves accessibility options
M2_COMBAT {"actors":6,"event":"manual_resume","focus":false,"hull":100.0,"instances":1,"paused":false,"phase":1,"seconds":0.1,"shield":65.0,"wave":1}
PASS: replayed coaching resumes when context is relevant
M2_COMBAT {"actors":0,"event":"restart","focus":false,"hull":100.0,"instances":1,"paused":false,"phase":0,"seconds":0.0,"shield":65.0,"wave":0}
M2_COMBAT {"actors":0,"event":"wave","focus":false,"hull":100.0,"instances":1,"paused":false,"phase":1,"seconds":0.0166666666666667,"shield":65.0,"wave":1}
PASS: new run does not repeat previously shown coaching
M2_COMBAT {"actors":6,"event":"lifecycle","focus":false,"hull":100.0,"instances":1,"paused":true,"phase":1,"seconds":0.1,"shield":65.0,"wave":1}
M2_COMBAT {"actors":6,"event":"tick","focus":false,"hull":100.0,"instances":1,"paused":true,"phase":1,"seconds":0.1,"shield":65.0,"wave":1}
PASS: background freezes simulation
M2_COMBAT {"actors":6,"event":"lifecycle","focus":false,"hull":100.0,"instances":1,"paused":false,"phase":1,"seconds":0.1,"shield":65.0,"wave":1}
PASS: resume discards interruption delta
RESULT: 54 coaching input/layout checks; 0 failures
