Godot Engine v4.7.2.stable.official.ed1daf0bf - https://godotengine.org
OpenGL API 4.1 Metal - 90.5 - Compatibility - Using Device: Apple - Apple M2 Pro

M1_PROBE {"active_seconds":187.854192333322,"event":"ready","instances":1,"paused_drift":0,"pauses":0,"resumes":0,"taps":1}
M2_COMBAT {"actors":0,"event":"start","focus":false,"hull":100.0,"instances":1,"paused":false,"phase":0,"seconds":0.0,"shield":65.0,"wave":0}
M2_COMBAT {"actors":0,"event":"wave","focus":false,"hull":100.0,"instances":1,"paused":false,"phase":1,"seconds":0.0166666666666667,"shield":65.0,"wave":1}
PASS: boost label fits inside shield meter
PASS: boost meter stays on screen
PASS: ready button names the boost
M2_COMBAT {"actors":5,"event":"shield","focus":false,"hull":100.0,"instances":1,"paused":false,"phase":1,"seconds":0.1,"shield":65.0,"wave":1}
PASS: boost label fits inside shield meter
PASS: boost meter stays on screen
PASS: real button activation exposes the actual temporary reserve
PASS: active button shows remaining boost time instead of cooldown
PASS: boost label fits inside shield meter
PASS: boost meter stays on screen
PASS: incoming damage consumes the visible bonus before normal shield
PASS: checkpoint restore retains the same displayed protection
PASS: pause freezes boost duration
M2_COMBAT {"actors":5,"event":"lifecycle","focus":false,"hull":100.0,"instances":1,"paused":false,"phase":1,"seconds":0.1,"shield":65.0,"wave":1}
PASS: boost label fits inside shield meter
PASS: boost meter stays on screen
PASS: boost label fits inside shield meter
PASS: boost meter stays on screen
PASS: depleted reserve immediately clears all boost indicators
M2_COMBAT {"actors":0,"event":"restart","focus":false,"hull":100.0,"instances":1,"paused":false,"phase":0,"seconds":0.0,"shield":65.0,"wave":0}
M2_COMBAT {"actors":0,"event":"wave","focus":false,"hull":100.0,"instances":1,"paused":false,"phase":1,"seconds":0.0166666666666667,"shield":65.0,"wave":1}
M2_COMBAT {"actors":5,"event":"shield","focus":false,"hull":100.0,"instances":1,"paused":false,"phase":1,"seconds":0.1,"shield":65.0,"wave":1}
PASS: boost label fits inside shield meter
PASS: boost meter stays on screen
PASS: time expiry clears the boost without another press
M1_PROBE {"active_seconds":187.854192333322,"event":"ready","instances":1,"paused_drift":0,"pauses":0,"resumes":0,"taps":1}
M2_COMBAT {"actors":0,"event":"start","focus":false,"hull":100.0,"instances":1,"paused":false,"phase":0,"seconds":0.0,"shield":65.0,"wave":0}
M2_COMBAT {"actors":0,"event":"wave","focus":false,"hull":100.0,"instances":1,"paused":false,"phase":1,"seconds":0.0166666666666667,"shield":65.0,"wave":1}
PASS: boost label fits inside shield meter
PASS: boost meter stays on screen
PASS: ready button names the boost
M2_COMBAT {"actors":5,"event":"shield","focus":false,"hull":100.0,"instances":1,"paused":false,"phase":1,"seconds":0.1,"shield":65.0,"wave":1}
PASS: boost label fits inside shield meter
PASS: boost meter stays on screen
PASS: real button activation exposes the actual temporary reserve
PASS: active button shows remaining boost time instead of cooldown
PASS: boost label fits inside shield meter
PASS: boost meter stays on screen
PASS: incoming damage consumes the visible bonus before normal shield
PASS: checkpoint restore retains the same displayed protection
PASS: pause freezes boost duration
PASS: boost label fits inside shield meter
PASS: boost meter stays on screen
PASS: boost label fits inside shield meter
PASS: boost meter stays on screen
PASS: depleted reserve immediately clears all boost indicators
M2_COMBAT {"actors":0,"event":"restart","focus":false,"hull":100.0,"instances":1,"paused":false,"phase":0,"seconds":0.0,"shield":65.0,"wave":0}
M2_COMBAT {"actors":0,"event":"wave","focus":false,"hull":100.0,"instances":1,"paused":false,"phase":1,"seconds":0.0166666666666667,"shield":65.0,"wave":1}
M2_COMBAT {"actors":5,"event":"shield","focus":false,"hull":100.0,"instances":1,"paused":false,"phase":1,"seconds":0.1,"shield":65.0,"wave":1}
PASS: boost label fits inside shield meter
PASS: boost meter stays on screen
PASS: time expiry clears the boost without another press
M1_PROBE {"active_seconds":187.854192333322,"event":"ready","instances":1,"paused_drift":0,"pauses":0,"resumes":0,"taps":1}
M2_COMBAT {"actors":0,"event":"start","focus":false,"hull":100.0,"instances":1,"paused":false,"phase":0,"seconds":0.0,"shield":65.0,"wave":0}
M2_COMBAT {"actors":0,"event":"wave","focus":false,"hull":100.0,"instances":1,"paused":false,"phase":1,"seconds":0.0166666666666667,"shield":65.0,"wave":1}
PASS: boost label fits inside shield meter
PASS: boost meter stays on screen
PASS: ready button names the boost
M2_COMBAT {"actors":5,"event":"shield","focus":false,"hull":100.0,"instances":1,"paused":false,"phase":1,"seconds":0.1,"shield":65.0,"wave":1}
PASS: boost label fits inside shield meter
PASS: boost meter stays on screen
PASS: real button activation exposes the actual temporary reserve
PASS: active button shows remaining boost time instead of cooldown
PASS: boost label fits inside shield meter
PASS: boost meter stays on screen
PASS: incoming damage consumes the visible bonus before normal shield
PASS: checkpoint restore retains the same displayed protection
PASS: pause freezes boost duration
PASS: boost label fits inside shield meter
PASS: boost meter stays on screen
PASS: boost label fits inside shield meter
PASS: boost meter stays on screen
PASS: depleted reserve immediately clears all boost indicators
M2_COMBAT {"actors":0,"event":"restart","focus":false,"hull":100.0,"instances":1,"paused":false,"phase":0,"seconds":0.0,"shield":65.0,"wave":0}
M2_COMBAT {"actors":0,"event":"wave","focus":false,"hull":100.0,"instances":1,"paused":false,"phase":1,"seconds":0.0166666666666667,"shield":65.0,"wave":1}
M2_COMBAT {"actors":5,"event":"shield","focus":false,"hull":100.0,"instances":1,"paused":false,"phase":1,"seconds":0.1,"shield":65.0,"wave":1}
PASS: boost label fits inside shield meter
PASS: boost meter stays on screen
PASS: time expiry clears the boost without another press
RESULT: 60 shield boost rendered checks; 0 failures
